 [  1] CBC_PUSH_IDENT ident-'next_statement'-id:0
 [  0] CBC_POP
 [  0] CBC_JUMP_FORWARD
 [  0] CBC_POST_INCR_IDENT ident-'x'-id:1
 [  0] CBC_JUMP_FORWARD
 [  0] CBC_POST_INCR_IDENT ident-'y'-id:2
 [  0] CBC_JUMP_FORWARD
 [  0] CBC_POST_INCR_IDENT ident-'z'-id:3
 [  0] CBC_JUMP_BACKWARD
 [  1] CBC_PUSH_IDENT ident-'next_statement'-id:0
 [  0] CBC_POP
 [  0] CBC_JUMP_FORWARD
 [  0] CBC_POST_INCR_IDENT ident-'x'-id:1
 [  0] CBC_JUMP_FORWARD
 [  0] CBC_POST_INCR_IDENT ident-'y'-id:2
 [  0] CBC_JUMP_FORWARD
 [  0] CBC_POST_INCR_IDENT ident-'z'-id:3
 [  0] CBC_JUMP_BACKWARD
 [  1] CBC_PUSH_IDENT ident-'next_statement'-id:0
 [  0] CBC_POP
 [  0] CBC_JUMP_FORWARD
 [  0] CBC_POST_INCR_IDENT ident-'x'-id:1
 [  0] CBC_JUMP_FORWARD
 [  1] CBC_PUSH_IDENT ident-'y'-id:2
 [  0] CBC_POP
 [  0] CBC_JUMP_FORWARD
 [  1] CBC_PUSH_IDENT ident-'z'-id:3
 [  0] CBC_POP
 [  0] CBC_JUMP_BACKWARD
 [  0] CBC_JUMP_BACKWARD
 [  1] CBC_PUSH_IDENT ident-'next_statement'-id:0
 [  0] CBC_POP
 [  0] CBC_JUMP_FORWARD
 [  0] CBC_POST_INCR_IDENT ident-'x'-id:1
 [  0] CBC_JUMP_FORWARD
 [  0] CBC_JUMP_FORWARD
 [  1] CBC_PUSH_IDENT ident-'a'-id:4
 [  0] CBC_POP
 [  0] CBC_JUMP_FORWARD
 [  0] CBC_JUMP_FORWARD
 [  1] CBC_PUSH_IDENT ident-'b'-id:5
 [  0] CBC_POP
 [  1] CBC_PUSH_IDENT ident-'x'-id:1
 [  0] CBC_BRANCH_IF_TRUE_BACKWARD
 [  0] CBC_POST_INCR_IDENT ident-'y'-id:2
 [  0] CBC_JUMP_BACKWARD
 [  1] CBC_PUSH_IDENT ident-'next_statement'-id:0
 [  0] CBC_POP
 [  0] CBC_JUMP_FORWARD
 [  0] CBC_JUMP_FORWARD
 [  0] CBC_CALL_IDENT ident-'x'-id:1 byte_arg:0
 [  0] CBC_JUMP_FORWARD
 [  1] CBC_PUSH_IDENT ident-'outer_label'-id:7
 [  0] CBC_POP
 [  0] CBC_JUMP_FORWARD
 [  0] CBC_JUMP_FORWARD
 [  1] CBC_PUSH_IDENT ident-'outer_label'-id:7
 [  0] CBC_POP
 [  0] CBC_JUMP_FORWARD
 [  0] CBC_CALL_IDENT ident-'x'-id:1 byte_arg:0
 [  0] CBC_JUMP_BACKWARD
 [  1] CBC_BINARY_ADD_TWO_LITERALS var_ident-'a'-id:4 var_ident-'b'-id:5
 [  0] CBC_BRANCH_IF_TRUE_BACKWARD
 [  1] CBC_PUSH_IDENT var_ident-'c'-id:6
 [  0] CBC_CALL_IDENT var_ident-'b'-id:5 byte_arg:1
 [  1] CBC_PUSH_IDENT var_ident-'c'-id:6
 [  0] CBC_POP
 [  0] CBC_POST_INCR_IDENT var_ident-'a'-id:4
 [  1] CBC_LESS_TWO_LITERALS var_ident-'b'-id:5 var_ident-'c'-id:6
 [  0] CBC_BRANCH_IF_TRUE_BACKWARD
 [  1] CBC_PUSH_IDENT ident-'next_statement'-id:0
 [  0] CBC_POP

Final byte code:
  Maximum stack depth: 1
  Literal encoding: byte
  Number of var literals: 3
  Number of identifiers: 5
  Number of other literals: 0

   0 : CBC_PUSH_IDENT ident-'next_statement'-id:3
   2 : CBC_POP
   3 : CBC_JUMP_FORWARD offset:12(->15)
   5 : CBC_POST_INCR_IDENT ident-'x'-id:4
   7 : CBC_JUMP_FORWARD offset:10(->17)
   9 : CBC_POST_INCR_IDENT ident-'y'-id:5
  11 : CBC_JUMP_FORWARD offset:4(->15)
  13 : CBC_POST_INCR_IDENT ident-'z'-id:6
  15 : CBC_JUMP_BACKWARD offset:10(->5)
  17 : CBC_PUSH_IDENT ident-'next_statement'-id:3
  19 : CBC_POP
  20 : CBC_JUMP_FORWARD offset:12(->32)
  22 : CBC_POST_INCR_IDENT ident-'x'-id:4
  24 : CBC_JUMP_FORWARD offset:10(->34)
  26 : CBC_POST_INCR_IDENT ident-'y'-id:5
  28 : CBC_JUMP_FORWARD offset:4(->32)
  30 : CBC_POST_INCR_IDENT ident-'z'-id:6
  32 : CBC_JUMP_BACKWARD offset:10(->22)
  34 : CBC_PUSH_IDENT ident-'next_statement'-id:3
  36 : CBC_POP
  37 : CBC_JUMP_FORWARD offset:16(->53)
  39 : CBC_POST_INCR_IDENT ident-'x'-id:4
  41 : CBC_JUMP_FORWARD offset:12(->53)
  43 : CBC_PUSH_IDENT ident-'y'-id:5
  45 : CBC_POP
  46 : CBC_JUMP_FORWARD offset:5(->51)
  48 : CBC_PUSH_IDENT ident-'z'-id:6
  50 : CBC_POP
  51 : CBC_JUMP_BACKWARD offset:12(->39)
  53 : CBC_JUMP_BACKWARD offset:14(->39)
  55 : CBC_PUSH_IDENT ident-'next_statement'-id:3
  57 : CBC_POP
  58 : CBC_JUMP_FORWARD offset:24(->82)
  60 : CBC_POST_INCR_IDENT ident-'x'-id:4
  62 : CBC_JUMP_FORWARD offset:14(->76)
  64 : CBC_JUMP_FORWARD offset:16(->80)
  66 : CBC_PUSH_IDENT var_ident-'a'-id:0
  68 : CBC_POP
  69 : CBC_JUMP_FORWARD offset:15(->84)
  71 : CBC_JUMP_FORWARD offset:9(->80)
  73 : CBC_PUSH_IDENT var_ident-'b'-id:1
  75 : CBC_POP
  76 : CBC_PUSH_IDENT ident-'x'-id:4
  78 : CBC_BRANCH_IF_TRUE_BACKWARD offset:14(->64)
  80 : CBC_POST_INCR_IDENT ident-'y'-id:5
  82 : CBC_JUMP_BACKWARD offset:22(->60)
  84 : CBC_PUSH_IDENT ident-'next_statement'-id:3
  86 : CBC_POP
  87 : CBC_JUMP_FORWARD offset:39(->126)
  89 : CBC_JUMP_FORWARD offset:24(->113)
  91 : CBC_CALL_IDENT byte_arg:0 ident-'x'-id:4
  94 : CBC_JUMP_FORWARD offset:17(->111)
  96 : CBC_PUSH_IDENT ident-'outer_label'-id:7
  98 : CBC_POP
  99 : CBC_JUMP_FORWARD offset:19(->118)
 101 : CBC_JUMP_FORWARD offset:17(->118)
 103 : CBC_PUSH_IDENT ident-'outer_label'-id:7
 105 : CBC_POP
 106 : CBC_JUMP_FORWARD offset:7(->113)
 108 : CBC_CALL_IDENT byte_arg:0 ident-'x'-id:4
 111 : CBC_JUMP_BACKWARD offset:20(->91)
 113 : CBC_BINARY_ADD_TWO_LITERALS var_ident-'a'-id:0 var_ident-'b'-id:1
 116 : CBC_BRANCH_IF_TRUE_BACKWARD offset:25(->91)
 118 : CBC_PUSH_IDENT var_ident-'c'-id:2
 120 : CBC_CALL_IDENT byte_arg:1 var_ident-'b'-id:1
 123 : CBC_PUSH_IDENT var_ident-'c'-id:2
 125 : CBC_POP
 126 : CBC_POST_INCR_IDENT var_ident-'a'-id:0
 128 : CBC_LESS_TWO_LITERALS var_ident-'b'-id:1 var_ident-'c'-id:2
 131 : CBC_BRANCH_IF_TRUE_BACKWARD offset:42(->89)
 133 : CBC_PUSH_IDENT ident-'next_statement'-id:3
 135 : CBC_POP
 136 : CBC_RETURN_WITH_UNDEFINED

Parse successfully completed. Total byte code size: 137 bytes
