
--- Script parsing start ---

  [  3] CBC_PUSH_IDENT_REFERENCE idx:0->ident(a1)
  [  6] CBC_PUSH_IDENT_REFERENCE idx:1->ident(a2)
  [  9] CBC_PUSH_IDENT_REFERENCE idx:2->ident(a3)
  [ 12] CBC_PUSH_IDENT_REFERENCE idx:3->ident(a4)
  [ 15] CBC_PUSH_IDENT_REFERENCE idx:4->ident(a5)
  [ 18] CBC_PUSH_IDENT_REFERENCE idx:5->ident(a6)
  [ 21] CBC_PUSH_IDENT_REFERENCE idx:6->ident(a7)
  [ 24] CBC_PUSH_IDENT_REFERENCE idx:7->ident(a8)
  [ 27] CBC_PUSH_IDENT_REFERENCE idx:8->ident(a9)
  [ 30] CBC_PUSH_IDENT_REFERENCE idx:9->ident(a10)
  [ 33] CBC_PUSH_IDENT_REFERENCE idx:10->ident(a11)
  [ 36] CBC_PUSH_IDENT_REFERENCE idx:11->ident(a12)
  [ 39] CBC_PUSH_IDENT_REFERENCE idx:12->ident(a13)
  [ 42] CBC_PUSH_IDENT_REFERENCE idx:13->ident(a14)
  [ 45] CBC_PUSH_IDENT_REFERENCE idx:14->ident(a15)
  [ 48] CBC_PUSH_IDENT_REFERENCE idx:15->ident(a16)
  [ 51] CBC_PUSH_IDENT_REFERENCE idx:16->ident(a17)
  [ 54] CBC_PUSH_IDENT_REFERENCE idx:17->ident(a18)
  [ 57] CBC_PUSH_IDENT_REFERENCE idx:18->ident(a19)
  [ 60] CBC_PUSH_IDENT_REFERENCE idx:19->ident(a20)
  [ 63] CBC_PUSH_IDENT_REFERENCE idx:20->ident(a21)
  [ 66] CBC_PUSH_IDENT_REFERENCE idx:21->ident(a22)
  [ 69] CBC_PUSH_IDENT_REFERENCE idx:22->ident(a23)
  [ 72] CBC_PUSH_IDENT_REFERENCE idx:23->ident(a24)
  [ 75] CBC_PUSH_IDENT_REFERENCE idx:24->ident(a25)
  [ 78] CBC_PUSH_IDENT_REFERENCE idx:25->ident(a26)
  [ 81] CBC_PUSH_IDENT_REFERENCE idx:26->ident(a27)
  [ 84] CBC_PUSH_IDENT_REFERENCE idx:27->ident(a28)
  [ 87] CBC_PUSH_IDENT_REFERENCE idx:28->ident(a29)
  [ 90] CBC_PUSH_IDENT_REFERENCE idx:29->ident(a30)
  [ 93] CBC_PUSH_IDENT_REFERENCE idx:30->ident(a31)
  [ 96] CBC_PUSH_IDENT_REFERENCE idx:31->ident(a32)
  [ 99] CBC_PUSH_IDENT_REFERENCE idx:32->ident(a33)
  [102] CBC_PUSH_IDENT_REFERENCE idx:33->ident(a34)
  [105] CBC_PUSH_IDENT_REFERENCE idx:34->ident(a35)
  [108] CBC_PUSH_IDENT_REFERENCE idx:35->ident(a36)
  [111] CBC_PUSH_IDENT_REFERENCE idx:36->ident(a37)
  [114] CBC_PUSH_IDENT_REFERENCE idx:37->ident(a38)
  [117] CBC_PUSH_IDENT_REFERENCE idx:38->ident(a39)
  [120] CBC_PUSH_IDENT_REFERENCE idx:39->ident(a40)
  [123] CBC_PUSH_IDENT_REFERENCE idx:40->ident(a41)
  [126] CBC_PUSH_IDENT_REFERENCE idx:41->ident(a42)
  [129] CBC_PUSH_IDENT_REFERENCE idx:42->ident(a43)
  [132] CBC_PUSH_IDENT_REFERENCE idx:43->ident(a44)
  [135] CBC_PUSH_IDENT_REFERENCE idx:44->ident(a45)
  [138] CBC_PUSH_IDENT_REFERENCE idx:45->ident(a46)
  [141] CBC_PUSH_IDENT_REFERENCE idx:46->ident(a47)
  [144] CBC_PUSH_IDENT_REFERENCE idx:47->ident(a48)
  [147] CBC_PUSH_IDENT_REFERENCE idx:48->ident(a49)
  [150] CBC_PUSH_IDENT_REFERENCE idx:49->ident(a50)
  [153] CBC_PUSH_IDENT_REFERENCE idx:50->ident(a51)
  [156] CBC_PUSH_IDENT_REFERENCE idx:51->ident(a52)
  [159] CBC_PUSH_IDENT_REFERENCE idx:52->ident(a53)
  [162] CBC_PUSH_IDENT_REFERENCE idx:53->ident(a54)
  [165] CBC_PUSH_IDENT_REFERENCE idx:54->ident(a55)
  [168] CBC_PUSH_IDENT_REFERENCE idx:55->ident(a56)
  [171] CBC_PUSH_IDENT_REFERENCE idx:56->ident(a57)
  [174] CBC_PUSH_IDENT_REFERENCE idx:57->ident(a58)
  [177] CBC_PUSH_IDENT_REFERENCE idx:58->ident(a59)
  [180] CBC_PUSH_IDENT_REFERENCE idx:59->ident(a60)
  [183] CBC_PUSH_IDENT_REFERENCE idx:60->ident(a61)
  [186] CBC_PUSH_IDENT_REFERENCE idx:61->ident(a62)
  [189] CBC_PUSH_IDENT_REFERENCE idx:62->ident(a63)
  [192] CBC_PUSH_IDENT_REFERENCE idx:63->ident(a64)
  [195] CBC_PUSH_IDENT_REFERENCE idx:64->ident(a65)
  [198] CBC_PUSH_IDENT_REFERENCE idx:65->ident(a66)
  [201] CBC_PUSH_IDENT_REFERENCE idx:66->ident(a67)
  [204] CBC_PUSH_IDENT_REFERENCE idx:67->ident(a68)
  [207] CBC_PUSH_IDENT_REFERENCE idx:68->ident(a69)
  [210] CBC_PUSH_IDENT_REFERENCE idx:69->ident(a70)
  [213] CBC_PUSH_IDENT_REFERENCE idx:70->ident(a71)
  [216] CBC_PUSH_IDENT_REFERENCE idx:71->ident(a72)
  [219] CBC_PUSH_IDENT_REFERENCE idx:72->ident(a73)
  [222] CBC_PUSH_IDENT_REFERENCE idx:73->ident(a74)
  [225] CBC_PUSH_IDENT_REFERENCE idx:74->ident(a75)
  [228] CBC_PUSH_IDENT_REFERENCE idx:75->ident(a76)
  [231] CBC_PUSH_IDENT_REFERENCE idx:76->ident(a77)
  [234] CBC_PUSH_IDENT_REFERENCE idx:77->ident(a78)
  [237] CBC_PUSH_IDENT_REFERENCE idx:78->ident(a79)
  [240] CBC_PUSH_IDENT_REFERENCE idx:79->ident(a80)
  [243] CBC_PUSH_IDENT_REFERENCE idx:80->ident(a81)
  [246] CBC_PUSH_IDENT_REFERENCE idx:81->ident(a82)
  [249] CBC_PUSH_IDENT_REFERENCE idx:82->ident(a83)
  [252] CBC_PUSH_IDENT_REFERENCE idx:83->ident(a84)
  [255] CBC_PUSH_IDENT_REFERENCE idx:84->ident(a85)
  [258] CBC_PUSH_IDENT_REFERENCE idx:85->ident(a86)
  [261] CBC_PUSH_IDENT_REFERENCE idx:86->ident(a87)
  [264] CBC_PUSH_IDENT_REFERENCE idx:87->ident(a88)
  [267] CBC_PUSH_IDENT_REFERENCE idx:88->ident(a89)
  [270] CBC_PUSH_IDENT_REFERENCE idx:89->ident(a90)
  [273] CBC_PUSH_IDENT_REFERENCE idx:90->ident(a91)
  [276] CBC_PUSH_IDENT_REFERENCE idx:91->ident(a92)
  [279] CBC_PUSH_IDENT_REFERENCE idx:92->ident(a93)
  [282] CBC_PUSH_IDENT_REFERENCE idx:93->ident(a94)
  [285] CBC_PUSH_IDENT_REFERENCE idx:94->ident(a95)
  [288] CBC_PUSH_IDENT_REFERENCE idx:95->ident(a96)
  [291] CBC_PUSH_IDENT_REFERENCE idx:96->ident(a97)
  [294] CBC_PUSH_IDENT_REFERENCE idx:97->ident(a98)
  [297] CBC_PUSH_IDENT_REFERENCE idx:98->ident(a99)
  [300] CBC_PUSH_IDENT_REFERENCE idx:99->ident(a100)
  [303] CBC_PUSH_IDENT_REFERENCE idx:100->ident(a101)
  [306] CBC_PUSH_IDENT_REFERENCE idx:101->ident(a102)
  [309] CBC_PUSH_IDENT_REFERENCE idx:102->ident(a103)
  [312] CBC_PUSH_IDENT_REFERENCE idx:103->ident(a104)
  [315] CBC_PUSH_IDENT_REFERENCE idx:104->ident(a105)
  [318] CBC_PUSH_IDENT_REFERENCE idx:105->ident(a106)
  [321] CBC_PUSH_IDENT_REFERENCE idx:106->ident(a107)
  [324] CBC_PUSH_IDENT_REFERENCE idx:107->ident(a108)
  [327] CBC_PUSH_IDENT_REFERENCE idx:108->ident(a109)
  [330] CBC_PUSH_IDENT_REFERENCE idx:109->ident(a110)
  [333] CBC_PUSH_IDENT_REFERENCE idx:110->ident(a111)
  [336] CBC_PUSH_IDENT_REFERENCE idx:111->ident(a112)
  [339] CBC_PUSH_IDENT_REFERENCE idx:112->ident(a113)
  [342] CBC_PUSH_IDENT_REFERENCE idx:113->ident(a114)
  [345] CBC_PUSH_IDENT_REFERENCE idx:114->ident(a115)
  [348] CBC_PUSH_IDENT_REFERENCE idx:115->ident(a116)
  [351] CBC_PUSH_IDENT_REFERENCE idx:116->ident(a117)
  [354] CBC_PUSH_IDENT_REFERENCE idx:117->ident(a118)
  [357] CBC_PUSH_IDENT_REFERENCE idx:118->ident(a119)
  [360] CBC_PUSH_IDENT_REFERENCE idx:119->ident(a120)
  [363] CBC_PUSH_IDENT_REFERENCE idx:120->ident(a121)
  [366] CBC_PUSH_IDENT_REFERENCE idx:121->ident(a122)
  [369] CBC_PUSH_IDENT_REFERENCE idx:122->ident(a123)
  [372] CBC_PUSH_IDENT_REFERENCE idx:123->ident(a124)
  [375] CBC_PUSH_IDENT_REFERENCE idx:124->ident(a125)
  [378] CBC_PUSH_IDENT_REFERENCE idx:125->ident(a126)
  [381] CBC_PUSH_IDENT_REFERENCE idx:126->ident(a127)
  [384] CBC_PUSH_IDENT_REFERENCE idx:127->ident(a128)
  [387] CBC_PUSH_IDENT_REFERENCE idx:128->ident(a129)
  [390] CBC_PUSH_IDENT_REFERENCE idx:129->ident(a130)
  [393] CBC_PUSH_IDENT_REFERENCE idx:130->ident(a131)
  [396] CBC_PUSH_IDENT_REFERENCE idx:131->ident(a132)
  [399] CBC_PUSH_IDENT_REFERENCE idx:132->ident(a133)
  [402] CBC_PUSH_IDENT_REFERENCE idx:133->ident(a134)
  [405] CBC_PUSH_IDENT_REFERENCE idx:134->ident(a135)
  [408] CBC_PUSH_IDENT_REFERENCE idx:135->ident(a136)
  [411] CBC_PUSH_IDENT_REFERENCE idx:136->ident(a137)
  [414] CBC_PUSH_IDENT_REFERENCE idx:137->ident(a138)
  [417] CBC_PUSH_IDENT_REFERENCE idx:138->ident(a139)
  [420] CBC_PUSH_IDENT_REFERENCE idx:139->ident(a140)
  [423] CBC_PUSH_IDENT_REFERENCE idx:140->ident(a141)
  [426] CBC_PUSH_IDENT_REFERENCE idx:141->ident(a142)
  [429] CBC_PUSH_IDENT_REFERENCE idx:142->ident(a143)
  [432] CBC_PUSH_IDENT_REFERENCE idx:143->ident(a144)
  [435] CBC_PUSH_IDENT_REFERENCE idx:144->ident(a145)
  [438] CBC_PUSH_IDENT_REFERENCE idx:145->ident(a146)
  [441] CBC_PUSH_IDENT_REFERENCE idx:146->ident(a147)
  [444] CBC_PUSH_IDENT_REFERENCE idx:147->ident(a148)
  [447] CBC_PUSH_IDENT_REFERENCE idx:148->ident(a149)
  [450] CBC_PUSH_IDENT_REFERENCE idx:149->ident(a150)
  [453] CBC_PUSH_IDENT_REFERENCE idx:150->ident(a151)
  [456] CBC_PUSH_IDENT_REFERENCE idx:151->ident(a152)
  [459] CBC_PUSH_IDENT_REFERENCE idx:152->ident(a153)
  [462] CBC_PUSH_IDENT_REFERENCE idx:153->ident(a154)
  [465] CBC_PUSH_IDENT_REFERENCE idx:154->ident(a155)
  [468] CBC_PUSH_IDENT_REFERENCE idx:155->ident(a156)
  [471] CBC_PUSH_IDENT_REFERENCE idx:156->ident(a157)
  [474] CBC_PUSH_IDENT_REFERENCE idx:157->ident(a158)
  [477] CBC_PUSH_IDENT_REFERENCE idx:158->ident(a159)
  [480] CBC_PUSH_IDENT_REFERENCE idx:159->ident(a160)
  [483] CBC_PUSH_IDENT_REFERENCE idx:160->ident(a161)
  [486] CBC_PUSH_IDENT_REFERENCE idx:161->ident(a162)
  [489] CBC_PUSH_IDENT_REFERENCE idx:162->ident(a163)
  [492] CBC_PUSH_IDENT_REFERENCE idx:163->ident(a164)
  [495] CBC_PUSH_IDENT_REFERENCE idx:164->ident(a165)
  [498] CBC_PUSH_IDENT_REFERENCE idx:165->ident(a166)
  [501] CBC_PUSH_IDENT_REFERENCE idx:166->ident(a167)
  [504] CBC_PUSH_IDENT_REFERENCE idx:167->ident(a168)
  [507] CBC_PUSH_IDENT_REFERENCE idx:168->ident(a169)
  [510] CBC_PUSH_IDENT_REFERENCE idx:169->ident(a170)
  [513] CBC_PUSH_IDENT_REFERENCE idx:170->ident(a171)
  [516] CBC_PUSH_IDENT_REFERENCE idx:171->ident(a172)
  [519] CBC_PUSH_IDENT_REFERENCE idx:172->ident(a173)
  [522] CBC_PUSH_IDENT_REFERENCE idx:173->ident(a174)
  [525] CBC_PUSH_IDENT_REFERENCE idx:174->ident(a175)
  [528] CBC_PUSH_IDENT_REFERENCE idx:175->ident(a176)
  [531] CBC_PUSH_IDENT_REFERENCE idx:176->ident(a177)
  [534] CBC_PUSH_IDENT_REFERENCE idx:177->ident(a178)
  [537] CBC_PUSH_IDENT_REFERENCE idx:178->ident(a179)
  [540] CBC_PUSH_IDENT_REFERENCE idx:179->ident(a180)
  [543] CBC_PUSH_IDENT_REFERENCE idx:180->ident(a181)
  [546] CBC_PUSH_IDENT_REFERENCE idx:181->ident(a182)
  [549] CBC_PUSH_IDENT_REFERENCE idx:182->ident(a183)
  [552] CBC_PUSH_IDENT_REFERENCE idx:183->ident(a184)
  [555] CBC_PUSH_IDENT_REFERENCE idx:184->ident(a185)
  [558] CBC_PUSH_IDENT_REFERENCE idx:185->ident(a186)
  [561] CBC_PUSH_IDENT_REFERENCE idx:186->ident(a187)
  [564] CBC_PUSH_IDENT_REFERENCE idx:187->ident(a188)
  [567] CBC_PUSH_IDENT_REFERENCE idx:188->ident(a189)
  [570] CBC_PUSH_IDENT_REFERENCE idx:189->ident(a190)
  [573] CBC_PUSH_IDENT_REFERENCE idx:190->ident(a191)
  [576] CBC_PUSH_IDENT_REFERENCE idx:191->ident(a192)
  [579] CBC_PUSH_IDENT_REFERENCE idx:192->ident(a193)
  [582] CBC_PUSH_IDENT_REFERENCE idx:193->ident(a194)
  [585] CBC_PUSH_IDENT_REFERENCE idx:194->ident(a195)
  [588] CBC_PUSH_IDENT_REFERENCE idx:195->ident(a196)
  [591] CBC_PUSH_IDENT_REFERENCE idx:196->ident(a197)
  [594] CBC_PUSH_IDENT_REFERENCE idx:197->ident(a198)
  [597] CBC_PUSH_IDENT_REFERENCE idx:198->ident(a199)
  [600] CBC_PUSH_IDENT_REFERENCE idx:199->ident(a200)
  [603] CBC_PUSH_IDENT_REFERENCE idx:200->ident(a201)
  [606] CBC_PUSH_IDENT_REFERENCE idx:201->ident(a202)
  [609] CBC_PUSH_IDENT_REFERENCE idx:202->ident(a203)
  [612] CBC_PUSH_IDENT_REFERENCE idx:203->ident(a204)
  [615] CBC_PUSH_IDENT_REFERENCE idx:204->ident(a205)
  [618] CBC_PUSH_IDENT_REFERENCE idx:205->ident(a206)
  [621] CBC_PUSH_IDENT_REFERENCE idx:206->ident(a207)
  [624] CBC_PUSH_IDENT_REFERENCE idx:207->ident(a208)
  [627] CBC_PUSH_IDENT_REFERENCE idx:208->ident(a209)
  [630] CBC_PUSH_IDENT_REFERENCE idx:209->ident(a210)
  [633] CBC_PUSH_IDENT_REFERENCE idx:210->ident(a211)
  [636] CBC_PUSH_IDENT_REFERENCE idx:211->ident(a212)
  [639] CBC_PUSH_IDENT_REFERENCE idx:212->ident(a213)
  [642] CBC_PUSH_IDENT_REFERENCE idx:213->ident(a214)
  [645] CBC_PUSH_IDENT_REFERENCE idx:214->ident(a215)
  [648] CBC_PUSH_IDENT_REFERENCE idx:215->ident(a216)
  [651] CBC_PUSH_IDENT_REFERENCE idx:216->ident(a217)
  [654] CBC_PUSH_IDENT_REFERENCE idx:217->ident(a218)
  [657] CBC_PUSH_IDENT_REFERENCE idx:218->ident(a219)
  [660] CBC_PUSH_IDENT_REFERENCE idx:219->ident(a220)
  [663] CBC_PUSH_IDENT_REFERENCE idx:220->ident(a221)
  [666] CBC_PUSH_IDENT_REFERENCE idx:221->ident(a222)
  [669] CBC_PUSH_IDENT_REFERENCE idx:222->ident(a223)
  [672] CBC_PUSH_IDENT_REFERENCE idx:223->ident(a224)
  [675] CBC_PUSH_IDENT_REFERENCE idx:224->ident(a225)
  [678] CBC_PUSH_IDENT_REFERENCE idx:225->ident(a226)
  [681] CBC_PUSH_IDENT_REFERENCE idx:226->ident(a227)
  [684] CBC_PUSH_IDENT_REFERENCE idx:227->ident(a228)
  [687] CBC_PUSH_IDENT_REFERENCE idx:228->ident(a229)
  [690] CBC_PUSH_IDENT_REFERENCE idx:229->ident(a230)
  [693] CBC_PUSH_IDENT_REFERENCE idx:230->ident(a231)
  [696] CBC_PUSH_IDENT_REFERENCE idx:231->ident(a232)
  [699] CBC_PUSH_IDENT_REFERENCE idx:232->ident(a233)
  [702] CBC_PUSH_IDENT_REFERENCE idx:233->ident(a234)
  [705] CBC_PUSH_IDENT_REFERENCE idx:234->ident(a235)
  [708] CBC_PUSH_IDENT_REFERENCE idx:235->ident(a236)
  [711] CBC_PUSH_IDENT_REFERENCE idx:236->ident(a237)
  [714] CBC_PUSH_IDENT_REFERENCE idx:237->ident(a238)
  [717] CBC_PUSH_IDENT_REFERENCE idx:238->ident(a239)
  [720] CBC_PUSH_IDENT_REFERENCE idx:239->ident(a240)
  [723] CBC_PUSH_IDENT_REFERENCE idx:240->ident(a241)
  [726] CBC_PUSH_IDENT_REFERENCE idx:241->ident(a242)
  [729] CBC_PUSH_IDENT_REFERENCE idx:242->ident(a243)
  [732] CBC_PUSH_IDENT_REFERENCE idx:243->ident(a244)
  [735] CBC_PUSH_IDENT_REFERENCE idx:244->ident(a245)
  [738] CBC_PUSH_IDENT_REFERENCE idx:245->ident(a246)
  [741] CBC_PUSH_IDENT_REFERENCE idx:246->ident(a247)
  [744] CBC_PUSH_IDENT_REFERENCE idx:247->ident(a248)
  [747] CBC_PUSH_IDENT_REFERENCE idx:248->ident(a249)
  [750] CBC_PUSH_IDENT_REFERENCE idx:249->ident(a250)
  [753] CBC_PUSH_IDENT_REFERENCE idx:250->ident(a251)
  [756] CBC_PUSH_IDENT_REFERENCE idx:251->ident(a252)
  [759] CBC_PUSH_IDENT_REFERENCE idx:252->ident(a253)
  [762] CBC_PUSH_IDENT_REFERENCE idx:253->ident(a254)
  [765] CBC_PUSH_IDENT_REFERENCE idx:254->ident(a255)
  [768] CBC_PUSH_IDENT_REFERENCE idx:255->ident(a256)
  [771] CBC_PUSH_IDENT_REFERENCE idx:256->ident(a257)
  [774] CBC_PUSH_IDENT_REFERENCE idx:257->ident(a258)
  [777] CBC_PUSH_IDENT_REFERENCE idx:258->ident(a259)
  [780] CBC_PUSH_IDENT_REFERENCE idx:259->ident(a260)
  [783] CBC_PUSH_IDENT_REFERENCE idx:260->ident(a261)
  [786] CBC_PUSH_IDENT_REFERENCE idx:261->ident(a262)
  [789] CBC_PUSH_IDENT_REFERENCE idx:262->ident(a263)
  [792] CBC_PUSH_IDENT_REFERENCE idx:263->ident(a264)
  [795] CBC_PUSH_IDENT_REFERENCE idx:264->ident(a265)
  [798] CBC_PUSH_IDENT_REFERENCE idx:265->ident(a266)
  [801] CBC_PUSH_IDENT_REFERENCE idx:266->ident(a267)
  [804] CBC_PUSH_IDENT_REFERENCE idx:267->ident(a268)
  [807] CBC_PUSH_IDENT_REFERENCE idx:268->ident(a269)
  [810] CBC_PUSH_IDENT_REFERENCE idx:269->ident(a270)
  [813] CBC_PUSH_IDENT_REFERENCE idx:270->ident(a271)
  [816] CBC_PUSH_IDENT_REFERENCE idx:271->ident(a272)
  [819] CBC_PUSH_IDENT_REFERENCE idx:272->ident(a273)
  [822] CBC_PUSH_IDENT_REFERENCE idx:273->ident(a274)
  [825] CBC_PUSH_IDENT_REFERENCE idx:274->ident(a275)
  [828] CBC_PUSH_IDENT_REFERENCE idx:275->ident(a276)
  [831] CBC_PUSH_IDENT_REFERENCE idx:276->ident(a277)
  [834] CBC_PUSH_IDENT_REFERENCE idx:277->ident(a278)
  [837] CBC_PUSH_IDENT_REFERENCE idx:278->ident(a279)
  [840] CBC_PUSH_IDENT_REFERENCE idx:279->ident(a280)
  [843] CBC_PUSH_IDENT_REFERENCE idx:280->ident(a281)
  [846] CBC_PUSH_IDENT_REFERENCE idx:281->ident(a282)
  [849] CBC_PUSH_IDENT_REFERENCE idx:282->ident(a283)
  [852] CBC_PUSH_IDENT_REFERENCE idx:283->ident(a284)
  [855] CBC_PUSH_IDENT_REFERENCE idx:284->ident(a285)
  [858] CBC_PUSH_IDENT_REFERENCE idx:285->ident(a286)
  [861] CBC_PUSH_IDENT_REFERENCE idx:286->ident(a287)
  [864] CBC_PUSH_IDENT_REFERENCE idx:287->ident(a288)
  [867] CBC_PUSH_IDENT_REFERENCE idx:288->ident(a289)
  [870] CBC_PUSH_IDENT_REFERENCE idx:289->ident(a290)
  [873] CBC_PUSH_IDENT_REFERENCE idx:290->ident(a291)
  [876] CBC_PUSH_IDENT_REFERENCE idx:291->ident(a292)
  [879] CBC_PUSH_IDENT_REFERENCE idx:292->ident(a293)
  [882] CBC_PUSH_IDENT_REFERENCE idx:293->ident(a294)
  [885] CBC_PUSH_IDENT_REFERENCE idx:294->ident(a295)
  [888] CBC_PUSH_IDENT_REFERENCE idx:295->ident(a296)
  [891] CBC_PUSH_IDENT_REFERENCE idx:296->ident(a297)
  [894] CBC_PUSH_IDENT_REFERENCE idx:297->ident(a298)
  [897] CBC_PUSH_IDENT_REFERENCE idx:298->ident(a299)
  [900] CBC_PUSH_IDENT_REFERENCE idx:299->ident(a300)
  [901] CBC_PUSH_NUMBER_1 number:7
  [898] CBC_EXT_ASSIGN_ADD_PUSH_RESULT
  [895] CBC_EXT_ASSIGN_ADD_PUSH_RESULT
  [892] CBC_EXT_ASSIGN_ADD_PUSH_RESULT
  [889] CBC_EXT_ASSIGN_ADD_PUSH_RESULT
  [886] CBC_EXT_ASSIGN_ADD_PUSH_RESULT
  [883] CBC_EXT_ASSIGN_ADD_PUSH_RESULT
  [880] CBC_EXT_ASSIGN_ADD_PUSH_RESULT
  [877] CBC_EXT_ASSIGN_ADD_PUSH_RESULT
  [874] CBC_EXT_ASSIGN_ADD_PUSH_RESULT
  [871] CBC_EXT_ASSIGN_ADD_PUSH_RESULT
  [868] CBC_EXT_ASSIGN_ADD_PUSH_RESULT
  [865] CBC_EXT_ASSIGN_ADD_PUSH_RESULT
  [862] CBC_EXT_ASSIGN_ADD_PUSH_RESULT
  [859] CBC_EXT_ASSIGN_ADD_PUSH_RESULT
  [856] CBC_EXT_ASSIGN_ADD_PUSH_RESULT
  [853] CBC_EXT_ASSIGN_ADD_PUSH_RESULT
  [850] CBC_EXT_ASSIGN_ADD_PUSH_RESULT
  [847] CBC_EXT_ASSIGN_ADD_PUSH_RESULT
  [844] CBC_EXT_ASSIGN_ADD_PUSH_RESULT
  [841] CBC_EXT_ASSIGN_ADD_PUSH_RESULT
  [838] CBC_EXT_ASSIGN_ADD_PUSH_RESULT
  [835] CBC_EXT_ASSIGN_ADD_PUSH_RESULT
  [832] CBC_EXT_ASSIGN_ADD_PUSH_RESULT
  [829] CBC_EXT_ASSIGN_ADD_PUSH_RESULT
  [826] CBC_EXT_ASSIGN_ADD_PUSH_RESULT
  [823] CBC_EXT_ASSIGN_ADD_PUSH_RESULT
  [820] CBC_EXT_ASSIGN_ADD_PUSH_RESULT
  [817] CBC_EXT_ASSIGN_ADD_PUSH_RESULT
  [814] CBC_EXT_ASSIGN_ADD_PUSH_RESULT
  [811] CBC_EXT_ASSIGN_ADD_PUSH_RESULT
  [808] CBC_EXT_ASSIGN_ADD_PUSH_RESULT
  [805] CBC_EXT_ASSIGN_ADD_PUSH_RESULT
  [802] CBC_EXT_ASSIGN_ADD_PUSH_RESULT
  [799] CBC_EXT_ASSIGN_ADD_PUSH_RESULT
  [796] CBC_EXT_ASSIGN_ADD_PUSH_RESULT
  [793] CBC_EXT_ASSIGN_ADD_PUSH_RESULT
  [790] CBC_EXT_ASSIGN_ADD_PUSH_RESULT
  [787] CBC_EXT_ASSIGN_ADD_PUSH_RESULT
  [784] CBC_EXT_ASSIGN_ADD_PUSH_RESULT
  [781] CBC_EXT_ASSIGN_ADD_PUSH_RESULT
  [778] CBC_EXT_ASSIGN_ADD_PUSH_RESULT
  [775] CBC_EXT_ASSIGN_ADD_PUSH_RESULT
  [772] CBC_EXT_ASSIGN_ADD_PUSH_RESULT
  [769] CBC_EXT_ASSIGN_ADD_PUSH_RESULT
  [766] CBC_EXT_ASSIGN_ADD_PUSH_RESULT
  [763] CBC_EXT_ASSIGN_ADD_PUSH_RESULT
  [760] CBC_EXT_ASSIGN_ADD_PUSH_RESULT
  [757] CBC_EXT_ASSIGN_ADD_PUSH_RESULT
  [754] CBC_EXT_ASSIGN_ADD_PUSH_RESULT
  [751] CBC_EXT_ASSIGN_ADD_PUSH_RESULT
  [748] CBC_EXT_ASSIGN_ADD_PUSH_RESULT
  [745] CBC_EXT_ASSIGN_ADD_PUSH_RESULT
  [742] CBC_EXT_ASSIGN_ADD_PUSH_RESULT
  [739] CBC_EXT_ASSIGN_ADD_PUSH_RESULT
  [736] CBC_EXT_ASSIGN_ADD_PUSH_RESULT
  [733] CBC_EXT_ASSIGN_ADD_PUSH_RESULT
  [730] CBC_EXT_ASSIGN_ADD_PUSH_RESULT
  [727] CBC_EXT_ASSIGN_ADD_PUSH_RESULT
  [724] CBC_EXT_ASSIGN_ADD_PUSH_RESULT
  [721] CBC_EXT_ASSIGN_ADD_PUSH_RESULT
  [718] CBC_EXT_ASSIGN_ADD_PUSH_RESULT
  [715] CBC_EXT_ASSIGN_ADD_PUSH_RESULT
  [712] CBC_EXT_ASSIGN_ADD_PUSH_RESULT
  [709] CBC_EXT_ASSIGN_ADD_PUSH_RESULT
  [706] CBC_EXT_ASSIGN_ADD_PUSH_RESULT
  [703] CBC_EXT_ASSIGN_ADD_PUSH_RESULT
  [700] CBC_EXT_ASSIGN_ADD_PUSH_RESULT
  [697] CBC_EXT_ASSIGN_ADD_PUSH_RESULT
  [694] CBC_EXT_ASSIGN_ADD_PUSH_RESULT
  [691] CBC_EXT_ASSIGN_ADD_PUSH_RESULT
  [688] CBC_EXT_ASSIGN_ADD_PUSH_RESULT
  [685] CBC_EXT_ASSIGN_ADD_PUSH_RESULT
  [682] CBC_EXT_ASSIGN_ADD_PUSH_RESULT
  [679] CBC_EXT_ASSIGN_ADD_PUSH_RESULT
  [676] CBC_EXT_ASSIGN_ADD_PUSH_RESULT
  [673] CBC_EXT_ASSIGN_ADD_PUSH_RESULT
  [670] CBC_EXT_ASSIGN_ADD_PUSH_RESULT
  [667] CBC_EXT_ASSIGN_ADD_PUSH_RESULT
  [664] CBC_EXT_ASSIGN_ADD_PUSH_RESULT
  [661] CBC_EXT_ASSIGN_ADD_PUSH_RESULT
  [658] CBC_EXT_ASSIGN_ADD_PUSH_RESULT
  [655] CBC_EXT_ASSIGN_ADD_PUSH_RESULT
  [652] CBC_EXT_ASSIGN_ADD_PUSH_RESULT
  [649] CBC_EXT_ASSIGN_ADD_PUSH_RESULT
  [646] CBC_EXT_ASSIGN_ADD_PUSH_RESULT
  [643] CBC_EXT_ASSIGN_ADD_PUSH_RESULT
  [640] CBC_EXT_ASSIGN_ADD_PUSH_RESULT
  [637] CBC_EXT_ASSIGN_ADD_PUSH_RESULT
  [634] CBC_EXT_ASSIGN_ADD_PUSH_RESULT
  [631] CBC_EXT_ASSIGN_ADD_PUSH_RESULT
  [628] CBC_EXT_ASSIGN_ADD_PUSH_RESULT
  [625] CBC_EXT_ASSIGN_ADD_PUSH_RESULT
  [622] CBC_EXT_ASSIGN_ADD_PUSH_RESULT
  [619] CBC_EXT_ASSIGN_ADD_PUSH_RESULT
  [616] CBC_EXT_ASSIGN_ADD_PUSH_RESULT
  [613] CBC_EXT_ASSIGN_ADD_PUSH_RESULT
  [610] CBC_EXT_ASSIGN_ADD_PUSH_RESULT
  [607] CBC_EXT_ASSIGN_ADD_PUSH_RESULT
  [604] CBC_EXT_ASSIGN_ADD_PUSH_RESULT
  [601] CBC_EXT_ASSIGN_ADD_PUSH_RESULT
  [598] CBC_EXT_ASSIGN_ADD_PUSH_RESULT
  [595] CBC_EXT_ASSIGN_ADD_PUSH_RESULT
  [592] CBC_EXT_ASSIGN_ADD_PUSH_RESULT
  [589] CBC_EXT_ASSIGN_ADD_PUSH_RESULT
  [586] CBC_EXT_ASSIGN_ADD_PUSH_RESULT
  [583] CBC_EXT_ASSIGN_ADD_PUSH_RESULT
  [580] CBC_EXT_ASSIGN_ADD_PUSH_RESULT
  [577] CBC_EXT_ASSIGN_ADD_PUSH_RESULT
  [574] CBC_EXT_ASSIGN_ADD_PUSH_RESULT
  [571] CBC_EXT_ASSIGN_ADD_PUSH_RESULT
  [568] CBC_EXT_ASSIGN_ADD_PUSH_RESULT
  [565] CBC_EXT_ASSIGN_ADD_PUSH_RESULT
  [562] CBC_EXT_ASSIGN_ADD_PUSH_RESULT
  [559] CBC_EXT_ASSIGN_ADD_PUSH_RESULT
  [556] CBC_EXT_ASSIGN_ADD_PUSH_RESULT
  [553] CBC_EXT_ASSIGN_ADD_PUSH_RESULT
  [550] CBC_EXT_ASSIGN_ADD_PUSH_RESULT
  [547] CBC_EXT_ASSIGN_ADD_PUSH_RESULT
  [544] CBC_EXT_ASSIGN_ADD_PUSH_RESULT
  [541] CBC_EXT_ASSIGN_ADD_PUSH_RESULT
  [538] CBC_EXT_ASSIGN_ADD_PUSH_RESULT
  [535] CBC_EXT_ASSIGN_ADD_PUSH_RESULT
  [532] CBC_EXT_ASSIGN_ADD_PUSH_RESULT
  [529] CBC_EXT_ASSIGN_ADD_PUSH_RESULT
  [526] CBC_EXT_ASSIGN_ADD_PUSH_RESULT
  [523] CBC_EXT_ASSIGN_ADD_PUSH_RESULT
  [520] CBC_EXT_ASSIGN_ADD_PUSH_RESULT
  [517] CBC_EXT_ASSIGN_ADD_PUSH_RESULT
  [514] CBC_EXT_ASSIGN_ADD_PUSH_RESULT
  [511] CBC_EXT_ASSIGN_ADD_PUSH_RESULT
  [508] CBC_EXT_ASSIGN_ADD_PUSH_RESULT
  [505] CBC_EXT_ASSIGN_ADD_PUSH_RESULT
  [502] CBC_EXT_ASSIGN_ADD_PUSH_RESULT
  [499] CBC_EXT_ASSIGN_ADD_PUSH_RESULT
  [496] CBC_EXT_ASSIGN_ADD_PUSH_RESULT
  [493] CBC_EXT_ASSIGN_ADD_PUSH_RESULT
  [490] CBC_EXT_ASSIGN_ADD_PUSH_RESULT
  [487] CBC_EXT_ASSIGN_ADD_PUSH_RESULT
  [484] CBC_EXT_ASSIGN_ADD_PUSH_RESULT
  [481] CBC_EXT_ASSIGN_ADD_PUSH_RESULT
  [478] CBC_EXT_ASSIGN_ADD_PUSH_RESULT
  [475] CBC_EXT_ASSIGN_ADD_PUSH_RESULT
  [472] CBC_EXT_ASSIGN_ADD_PUSH_RESULT
  [469] CBC_EXT_ASSIGN_ADD_PUSH_RESULT
  [466] CBC_EXT_ASSIGN_ADD_PUSH_RESULT
  [463] CBC_EXT_ASSIGN_ADD_PUSH_RESULT
  [460] CBC_EXT_ASSIGN_ADD_PUSH_RESULT
  [457] CBC_EXT_ASSIGN_ADD_PUSH_RESULT
  [454] CBC_EXT_ASSIGN_ADD_PUSH_RESULT
  [451] CBC_EXT_ASSIGN_ADD_PUSH_RESULT
  [448] CBC_EXT_ASSIGN_ADD_PUSH_RESULT
  [445] CBC_EXT_ASSIGN_ADD_PUSH_RESULT
  [442] CBC_EXT_ASSIGN_ADD_PUSH_RESULT
  [439] CBC_EXT_ASSIGN_ADD_PUSH_RESULT
  [436] CBC_EXT_ASSIGN_ADD_PUSH_RESULT
  [433] CBC_EXT_ASSIGN_ADD_PUSH_RESULT
  [430] CBC_EXT_ASSIGN_ADD_PUSH_RESULT
  [427] CBC_EXT_ASSIGN_ADD_PUSH_RESULT
  [424] CBC_EXT_ASSIGN_ADD_PUSH_RESULT
  [421] CBC_EXT_ASSIGN_ADD_PUSH_RESULT
  [418] CBC_EXT_ASSIGN_ADD_PUSH_RESULT
  [415] CBC_EXT_ASSIGN_ADD_PUSH_RESULT
  [412] CBC_EXT_ASSIGN_ADD_PUSH_RESULT
  [409] CBC_EXT_ASSIGN_ADD_PUSH_RESULT
  [406] CBC_EXT_ASSIGN_ADD_PUSH_RESULT
  [403] CBC_EXT_ASSIGN_ADD_PUSH_RESULT
  [400] CBC_EXT_ASSIGN_ADD_PUSH_RESULT
  [397] CBC_EXT_ASSIGN_ADD_PUSH_RESULT
  [394] CBC_EXT_ASSIGN_ADD_PUSH_RESULT
  [391] CBC_EXT_ASSIGN_ADD_PUSH_RESULT
  [388] CBC_EXT_ASSIGN_ADD_PUSH_RESULT
  [385] CBC_EXT_ASSIGN_ADD_PUSH_RESULT
  [382] CBC_EXT_ASSIGN_ADD_PUSH_RESULT
  [379] CBC_EXT_ASSIGN_ADD_PUSH_RESULT
  [376] CBC_EXT_ASSIGN_ADD_PUSH_RESULT
  [373] CBC_EXT_ASSIGN_ADD_PUSH_RESULT
  [370] CBC_EXT_ASSIGN_ADD_PUSH_RESULT
  [367] CBC_EXT_ASSIGN_ADD_PUSH_RESULT
  [364] CBC_EXT_ASSIGN_ADD_PUSH_RESULT
  [361] CBC_EXT_ASSIGN_ADD_PUSH_RESULT
  [358] CBC_EXT_ASSIGN_ADD_PUSH_RESULT
  [355] CBC_EXT_ASSIGN_ADD_PUSH_RESULT
  [352] CBC_EXT_ASSIGN_ADD_PUSH_RESULT
  [349] CBC_EXT_ASSIGN_ADD_PUSH_RESULT
  [346] CBC_EXT_ASSIGN_ADD_PUSH_RESULT
  [343] CBC_EXT_ASSIGN_ADD_PUSH_RESULT
  [340] CBC_EXT_ASSIGN_ADD_PUSH_RESULT
  [337] CBC_EXT_ASSIGN_ADD_PUSH_RESULT
  [334] CBC_EXT_ASSIGN_ADD_PUSH_RESULT
  [331] CBC_EXT_ASSIGN_ADD_PUSH_RESULT
  [328] CBC_EXT_ASSIGN_ADD_PUSH_RESULT
  [325] CBC_EXT_ASSIGN_ADD_PUSH_RESULT
  [322] CBC_EXT_ASSIGN_ADD_PUSH_RESULT
  [319] CBC_EXT_ASSIGN_ADD_PUSH_RESULT
  [316] CBC_EXT_ASSIGN_ADD_PUSH_RESULT
  [313] CBC_EXT_ASSIGN_ADD_PUSH_RESULT
  [310] CBC_EXT_ASSIGN_ADD_PUSH_RESULT
  [307] CBC_EXT_ASSIGN_ADD_PUSH_RESULT
  [304] CBC_EXT_ASSIGN_ADD_PUSH_RESULT
  [301] CBC_EXT_ASSIGN_ADD_PUSH_RESULT
  [298] CBC_EXT_ASSIGN_ADD_PUSH_RESULT
  [295] CBC_EXT_ASSIGN_ADD_PUSH_RESULT
  [292] CBC_EXT_ASSIGN_ADD_PUSH_RESULT
  [289] CBC_EXT_ASSIGN_ADD_PUSH_RESULT
  [286] CBC_EXT_ASSIGN_ADD_PUSH_RESULT
  [283] CBC_EXT_ASSIGN_ADD_PUSH_RESULT
  [280] CBC_EXT_ASSIGN_ADD_PUSH_RESULT
  [277] CBC_EXT_ASSIGN_ADD_PUSH_RESULT
  [274] CBC_EXT_ASSIGN_ADD_PUSH_RESULT
  [271] CBC_EXT_ASSIGN_ADD_PUSH_RESULT
  [268] CBC_EXT_ASSIGN_ADD_PUSH_RESULT
  [265] CBC_EXT_ASSIGN_ADD_PUSH_RESULT
  [262] CBC_EXT_ASSIGN_ADD_PUSH_RESULT
  [259] CBC_EXT_ASSIGN_ADD_PUSH_RESULT
  [256] CBC_EXT_ASSIGN_ADD_PUSH_RESULT
  [253] CBC_EXT_ASSIGN_ADD_PUSH_RESULT
  [250] CBC_EXT_ASSIGN_ADD_PUSH_RESULT
  [247] CBC_EXT_ASSIGN_ADD_PUSH_RESULT
  [244] CBC_EXT_ASSIGN_ADD_PUSH_RESULT
  [241] CBC_EXT_ASSIGN_ADD_PUSH_RESULT
  [238] CBC_EXT_ASSIGN_ADD_PUSH_RESULT
  [235] CBC_EXT_ASSIGN_ADD_PUSH_RESULT
  [232] CBC_EXT_ASSIGN_ADD_PUSH_RESULT
  [229] CBC_EXT_ASSIGN_ADD_PUSH_RESULT
  [226] CBC_EXT_ASSIGN_ADD_PUSH_RESULT
  [223] CBC_EXT_ASSIGN_ADD_PUSH_RESULT
  [220] CBC_EXT_ASSIGN_ADD_PUSH_RESULT
  [217] CBC_EXT_ASSIGN_ADD_PUSH_RESULT
  [214] CBC_EXT_ASSIGN_ADD_PUSH_RESULT
  [211] CBC_EXT_ASSIGN_ADD_PUSH_RESULT
  [208] CBC_EXT_ASSIGN_ADD_PUSH_RESULT
  [205] CBC_EXT_ASSIGN_ADD_PUSH_RESULT
  [202] CBC_EXT_ASSIGN_ADD_PUSH_RESULT
  [199] CBC_EXT_ASSIGN_ADD_PUSH_RESULT
  [196] CBC_EXT_ASSIGN_ADD_PUSH_RESULT
  [193] CBC_EXT_ASSIGN_ADD_PUSH_RESULT
  [190] CBC_EXT_ASSIGN_ADD_PUSH_RESULT
  [187] CBC_EXT_ASSIGN_ADD_PUSH_RESULT
  [184] CBC_EXT_ASSIGN_ADD_PUSH_RESULT
  [181] CBC_EXT_ASSIGN_ADD_PUSH_RESULT
  [178] CBC_EXT_ASSIGN_ADD_PUSH_RESULT
  [175] CBC_EXT_ASSIGN_ADD_PUSH_RESULT
  [172] CBC_EXT_ASSIGN_ADD_PUSH_RESULT
  [169] CBC_EXT_ASSIGN_ADD_PUSH_RESULT
  [166] CBC_EXT_ASSIGN_ADD_PUSH_RESULT
  [163] CBC_EXT_ASSIGN_ADD_PUSH_RESULT
  [160] CBC_EXT_ASSIGN_ADD_PUSH_RESULT
  [157] CBC_EXT_ASSIGN_ADD_PUSH_RESULT
  [154] CBC_EXT_ASSIGN_ADD_PUSH_RESULT
  [151] CBC_EXT_ASSIGN_ADD_PUSH_RESULT
  [148] CBC_EXT_ASSIGN_ADD_PUSH_RESULT
  [145] CBC_EXT_ASSIGN_ADD_PUSH_RESULT
  [142] CBC_EXT_ASSIGN_ADD_PUSH_RESULT
  [139] CBC_EXT_ASSIGN_ADD_PUSH_RESULT
  [136] CBC_EXT_ASSIGN_ADD_PUSH_RESULT
  [133] CBC_EXT_ASSIGN_ADD_PUSH_RESULT
  [130] CBC_EXT_ASSIGN_ADD_PUSH_RESULT
  [127] CBC_EXT_ASSIGN_ADD_PUSH_RESULT
  [124] CBC_EXT_ASSIGN_ADD_PUSH_RESULT
  [121] CBC_EXT_ASSIGN_ADD_PUSH_RESULT
  [118] CBC_EXT_ASSIGN_ADD_PUSH_RESULT
  [115] CBC_EXT_ASSIGN_ADD_PUSH_RESULT
  [112] CBC_EXT_ASSIGN_ADD_PUSH_RESULT
  [109] CBC_EXT_ASSIGN_ADD_PUSH_RESULT
  [106] CBC_EXT_ASSIGN_ADD_PUSH_RESULT
  [103] CBC_EXT_ASSIGN_ADD_PUSH_RESULT
  [100] CBC_EXT_ASSIGN_ADD_PUSH_RESULT
  [ 97] CBC_EXT_ASSIGN_ADD_PUSH_RESULT
  [ 94] CBC_EXT_ASSIGN_ADD_PUSH_RESULT
  [ 91] CBC_EXT_ASSIGN_ADD_PUSH_RESULT
  [ 88] CBC_EXT_ASSIGN_ADD_PUSH_RESULT
  [ 85] CBC_EXT_ASSIGN_ADD_PUSH_RESULT
  [ 82] CBC_EXT_ASSIGN_ADD_PUSH_RESULT
  [ 79] CBC_EXT_ASSIGN_ADD_PUSH_RESULT
  [ 76] CBC_EXT_ASSIGN_ADD_PUSH_RESULT
  [ 73] CBC_EXT_ASSIGN_ADD_PUSH_RESULT
  [ 70] CBC_EXT_ASSIGN_ADD_PUSH_RESULT
  [ 67] CBC_EXT_ASSIGN_ADD_PUSH_RESULT
  [ 64] CBC_EXT_ASSIGN_ADD_PUSH_RESULT
  [ 61] CBC_EXT_ASSIGN_ADD_PUSH_RESULT
  [ 58] CBC_EXT_ASSIGN_ADD_PUSH_RESULT
  [ 55] CBC_EXT_ASSIGN_ADD_PUSH_RESULT
  [ 52] CBC_EXT_ASSIGN_ADD_PUSH_RESULT
  [ 49] CBC_EXT_ASSIGN_ADD_PUSH_RESULT
  [ 46] CBC_EXT_ASSIGN_ADD_PUSH_RESULT
  [ 43] CBC_EXT_ASSIGN_ADD_PUSH_RESULT
  [ 40] CBC_EXT_ASSIGN_ADD_PUSH_RESULT
  [ 37] CBC_EXT_ASSIGN_ADD_PUSH_RESULT
  [ 34] CBC_EXT_ASSIGN_ADD_PUSH_RESULT
  [ 31] CBC_EXT_ASSIGN_ADD_PUSH_RESULT
  [ 28] CBC_EXT_ASSIGN_ADD_PUSH_RESULT
  [ 25] CBC_EXT_ASSIGN_ADD_PUSH_RESULT
  [ 22] CBC_EXT_ASSIGN_ADD_PUSH_RESULT
  [ 19] CBC_EXT_ASSIGN_ADD_PUSH_RESULT
  [ 16] CBC_EXT_ASSIGN_ADD_PUSH_RESULT
  [ 13] CBC_EXT_ASSIGN_ADD_PUSH_RESULT
  [ 10] CBC_EXT_ASSIGN_ADD_PUSH_RESULT
  [  7] CBC_EXT_ASSIGN_ADD_PUSH_RESULT
  [  4] CBC_EXT_ASSIGN_ADD_PUSH_RESULT
  [  0] CBC_EXT_ASSIGN_ADD_BLOCK

Final byte code dump:

  Maximum stack depth: 901
  Flags: [small_lit_enc,uint16_arguments]
  Argument range end: 0
  Register range end: 0
  Identifier range end: 300
  Const literal range end: 300
  Literal range end: 300

   0 : CBC_PUSH_IDENT_REFERENCE idx:0(ident)->ident(a1)
   2 : CBC_PUSH_IDENT_REFERENCE idx:1(ident)->ident(a2)
   4 : CBC_PUSH_IDENT_REFERENCE idx:2(ident)->ident(a3)
   6 : CBC_PUSH_IDENT_REFERENCE idx:3(ident)->ident(a4)
   8 : CBC_PUSH_IDENT_REFERENCE idx:4(ident)->ident(a5)
  10 : CBC_PUSH_IDENT_REFERENCE idx:5(ident)->ident(a6)
  12 : CBC_PUSH_IDENT_REFERENCE idx:6(ident)->ident(a7)
  14 : CBC_PUSH_IDENT_REFERENCE idx:7(ident)->ident(a8)
  16 : CBC_PUSH_IDENT_REFERENCE idx:8(ident)->ident(a9)
  18 : CBC_PUSH_IDENT_REFERENCE idx:9(ident)->ident(a10)
  20 : CBC_PUSH_IDENT_REFERENCE idx:10(ident)->ident(a11)
  22 : CBC_PUSH_IDENT_REFERENCE idx:11(ident)->ident(a12)
  24 : CBC_PUSH_IDENT_REFERENCE idx:12(ident)->ident(a13)
  26 : CBC_PUSH_IDENT_REFERENCE idx:13(ident)->ident(a14)
  28 : CBC_PUSH_IDENT_REFERENCE idx:14(ident)->ident(a15)
  30 : CBC_PUSH_IDENT_REFERENCE idx:15(ident)->ident(a16)
  32 : CBC_PUSH_IDENT_REFERENCE idx:16(ident)->ident(a17)
  34 : CBC_PUSH_IDENT_REFERENCE idx:17(ident)->ident(a18)
  36 : CBC_PUSH_IDENT_REFERENCE idx:18(ident)->ident(a19)
  38 : CBC_PUSH_IDENT_REFERENCE idx:19(ident)->ident(a20)
  40 : CBC_PUSH_IDENT_REFERENCE idx:20(ident)->ident(a21)
  42 : CBC_PUSH_IDENT_REFERENCE idx:21(ident)->ident(a22)
  44 : CBC_PUSH_IDENT_REFERENCE idx:22(ident)->ident(a23)
  46 : CBC_PUSH_IDENT_REFERENCE idx:23(ident)->ident(a24)
  48 : CBC_PUSH_IDENT_REFERENCE idx:24(ident)->ident(a25)
  50 : CBC_PUSH_IDENT_REFERENCE idx:25(ident)->ident(a26)
  52 : CBC_PUSH_IDENT_REFERENCE idx:26(ident)->ident(a27)
  54 : CBC_PUSH_IDENT_REFERENCE idx:27(ident)->ident(a28)
  56 : CBC_PUSH_IDENT_REFERENCE idx:28(ident)->ident(a29)
  58 : CBC_PUSH_IDENT_REFERENCE idx:29(ident)->ident(a30)
  60 : CBC_PUSH_IDENT_REFERENCE idx:30(ident)->ident(a31)
  62 : CBC_PUSH_IDENT_REFERENCE idx:31(ident)->ident(a32)
  64 : CBC_PUSH_IDENT_REFERENCE idx:32(ident)->ident(a33)
  66 : CBC_PUSH_IDENT_REFERENCE idx:33(ident)->ident(a34)
  68 : CBC_PUSH_IDENT_REFERENCE idx:34(ident)->ident(a35)
  70 : CBC_PUSH_IDENT_REFERENCE idx:35(ident)->ident(a36)
  72 : CBC_PUSH_IDENT_REFERENCE idx:36(ident)->ident(a37)
  74 : CBC_PUSH_IDENT_REFERENCE idx:37(ident)->ident(a38)
  76 : CBC_PUSH_IDENT_REFERENCE idx:38(ident)->ident(a39)
  78 : CBC_PUSH_IDENT_REFERENCE idx:39(ident)->ident(a40)
  80 : CBC_PUSH_IDENT_REFERENCE idx:40(ident)->ident(a41)
  82 : CBC_PUSH_IDENT_REFERENCE idx:41(ident)->ident(a42)
  84 : CBC_PUSH_IDENT_REFERENCE idx:42(ident)->ident(a43)
  86 : CBC_PUSH_IDENT_REFERENCE idx:43(ident)->ident(a44)
  88 : CBC_PUSH_IDENT_REFERENCE idx:44(ident)->ident(a45)
  90 : CBC_PUSH_IDENT_REFERENCE idx:45(ident)->ident(a46)
  92 : CBC_PUSH_IDENT_REFERENCE idx:46(ident)->ident(a47)
  94 : CBC_PUSH_IDENT_REFERENCE idx:47(ident)->ident(a48)
  96 : CBC_PUSH_IDENT_REFERENCE idx:48(ident)->ident(a49)
  98 : CBC_PUSH_IDENT_REFERENCE idx:49(ident)->ident(a50)
 100 : CBC_PUSH_IDENT_REFERENCE idx:50(ident)->ident(a51)
 102 : CBC_PUSH_IDENT_REFERENCE idx:51(ident)->ident(a52)
 104 : CBC_PUSH_IDENT_REFERENCE idx:52(ident)->ident(a53)
 106 : CBC_PUSH_IDENT_REFERENCE idx:53(ident)->ident(a54)
 108 : CBC_PUSH_IDENT_REFERENCE idx:54(ident)->ident(a55)
 110 : CBC_PUSH_IDENT_REFERENCE idx:55(ident)->ident(a56)
 112 : CBC_PUSH_IDENT_REFERENCE idx:56(ident)->ident(a57)
 114 : CBC_PUSH_IDENT_REFERENCE idx:57(ident)->ident(a58)
 116 : CBC_PUSH_IDENT_REFERENCE idx:58(ident)->ident(a59)
 118 : CBC_PUSH_IDENT_REFERENCE idx:59(ident)->ident(a60)
 120 : CBC_PUSH_IDENT_REFERENCE idx:60(ident)->ident(a61)
 122 : CBC_PUSH_IDENT_REFERENCE idx:61(ident)->ident(a62)
 124 : CBC_PUSH_IDENT_REFERENCE idx:62(ident)->ident(a63)
 126 : CBC_PUSH_IDENT_REFERENCE idx:63(ident)->ident(a64)
 128 : CBC_PUSH_IDENT_REFERENCE idx:64(ident)->ident(a65)
 130 : CBC_PUSH_IDENT_REFERENCE idx:65(ident)->ident(a66)
 132 : CBC_PUSH_IDENT_REFERENCE idx:66(ident)->ident(a67)
 134 : CBC_PUSH_IDENT_REFERENCE idx:67(ident)->ident(a68)
 136 : CBC_PUSH_IDENT_REFERENCE idx:68(ident)->ident(a69)
 138 : CBC_PUSH_IDENT_REFERENCE idx:69(ident)->ident(a70)
 140 : CBC_PUSH_IDENT_REFERENCE idx:70(ident)->ident(a71)
 142 : CBC_PUSH_IDENT_REFERENCE idx:71(ident)->ident(a72)
 144 : CBC_PUSH_IDENT_REFERENCE idx:72(ident)->ident(a73)
 146 : CBC_PUSH_IDENT_REFERENCE idx:73(ident)->ident(a74)
 148 : CBC_PUSH_IDENT_REFERENCE idx:74(ident)->ident(a75)
 150 : CBC_PUSH_IDENT_REFERENCE idx:75(ident)->ident(a76)
 152 : CBC_PUSH_IDENT_REFERENCE idx:76(ident)->ident(a77)
 154 : CBC_PUSH_IDENT_REFERENCE idx:77(ident)->ident(a78)
 156 : CBC_PUSH_IDENT_REFERENCE idx:78(ident)->ident(a79)
 158 : CBC_PUSH_IDENT_REFERENCE idx:79(ident)->ident(a80)
 160 : CBC_PUSH_IDENT_REFERENCE idx:80(ident)->ident(a81)
 162 : CBC_PUSH_IDENT_REFERENCE idx:81(ident)->ident(a82)
 164 : CBC_PUSH_IDENT_REFERENCE idx:82(ident)->ident(a83)
 166 : CBC_PUSH_IDENT_REFERENCE idx:83(ident)->ident(a84)
 168 : CBC_PUSH_IDENT_REFERENCE idx:84(ident)->ident(a85)
 170 : CBC_PUSH_IDENT_REFERENCE idx:85(ident)->ident(a86)
 172 : CBC_PUSH_IDENT_REFERENCE idx:86(ident)->ident(a87)
 174 : CBC_PUSH_IDENT_REFERENCE idx:87(ident)->ident(a88)
 176 : CBC_PUSH_IDENT_REFERENCE idx:88(ident)->ident(a89)
 178 : CBC_PUSH_IDENT_REFERENCE idx:89(ident)->ident(a90)
 180 : CBC_PUSH_IDENT_REFERENCE idx:90(ident)->ident(a91)
 182 : CBC_PUSH_IDENT_REFERENCE idx:91(ident)->ident(a92)
 184 : CBC_PUSH_IDENT_REFERENCE idx:92(ident)->ident(a93)
 186 : CBC_PUSH_IDENT_REFERENCE idx:93(ident)->ident(a94)
 188 : CBC_PUSH_IDENT_REFERENCE idx:94(ident)->ident(a95)
 190 : CBC_PUSH_IDENT_REFERENCE idx:95(ident)->ident(a96)
 192 : CBC_PUSH_IDENT_REFERENCE idx:96(ident)->ident(a97)
 194 : CBC_PUSH_IDENT_REFERENCE idx:97(ident)->ident(a98)
 196 : CBC_PUSH_IDENT_REFERENCE idx:98(ident)->ident(a99)
 198 : CBC_PUSH_IDENT_REFERENCE idx:99(ident)->ident(a100)
 200 : CBC_PUSH_IDENT_REFERENCE idx:100(ident)->ident(a101)
 202 : CBC_PUSH_IDENT_REFERENCE idx:101(ident)->ident(a102)
 204 : CBC_PUSH_IDENT_REFERENCE idx:102(ident)->ident(a103)
 206 : CBC_PUSH_IDENT_REFERENCE idx:103(ident)->ident(a104)
 208 : CBC_PUSH_IDENT_REFERENCE idx:104(ident)->ident(a105)
 210 : CBC_PUSH_IDENT_REFERENCE idx:105(ident)->ident(a106)
 212 : CBC_PUSH_IDENT_REFERENCE idx:106(ident)->ident(a107)
 214 : CBC_PUSH_IDENT_REFERENCE idx:107(ident)->ident(a108)
 216 : CBC_PUSH_IDENT_REFERENCE idx:108(ident)->ident(a109)
 218 : CBC_PUSH_IDENT_REFERENCE idx:109(ident)->ident(a110)
 220 : CBC_PUSH_IDENT_REFERENCE idx:110(ident)->ident(a111)
 222 : CBC_PUSH_IDENT_REFERENCE idx:111(ident)->ident(a112)
 224 : CBC_PUSH_IDENT_REFERENCE idx:112(ident)->ident(a113)
 226 : CBC_PUSH_IDENT_REFERENCE idx:113(ident)->ident(a114)
 228 : CBC_PUSH_IDENT_REFERENCE idx:114(ident)->ident(a115)
 230 : CBC_PUSH_IDENT_REFERENCE idx:115(ident)->ident(a116)
 232 : CBC_PUSH_IDENT_REFERENCE idx:116(ident)->ident(a117)
 234 : CBC_PUSH_IDENT_REFERENCE idx:117(ident)->ident(a118)
 236 : CBC_PUSH_IDENT_REFERENCE idx:118(ident)->ident(a119)
 238 : CBC_PUSH_IDENT_REFERENCE idx:119(ident)->ident(a120)
 240 : CBC_PUSH_IDENT_REFERENCE idx:120(ident)->ident(a121)
 242 : CBC_PUSH_IDENT_REFERENCE idx:121(ident)->ident(a122)
 244 : CBC_PUSH_IDENT_REFERENCE idx:122(ident)->ident(a123)
 246 : CBC_PUSH_IDENT_REFERENCE idx:123(ident)->ident(a124)
 248 : CBC_PUSH_IDENT_REFERENCE idx:124(ident)->ident(a125)
 250 : CBC_PUSH_IDENT_REFERENCE idx:125(ident)->ident(a126)
 252 : CBC_PUSH_IDENT_REFERENCE idx:126(ident)->ident(a127)
 254 : CBC_PUSH_IDENT_REFERENCE idx:127(ident)->ident(a128)
 256 : CBC_PUSH_IDENT_REFERENCE idx:128(ident)->ident(a129)
 258 : CBC_PUSH_IDENT_REFERENCE idx:129(ident)->ident(a130)
 260 : CBC_PUSH_IDENT_REFERENCE idx:130(ident)->ident(a131)
 262 : CBC_PUSH_IDENT_REFERENCE idx:131(ident)->ident(a132)
 264 : CBC_PUSH_IDENT_REFERENCE idx:132(ident)->ident(a133)
 266 : CBC_PUSH_IDENT_REFERENCE idx:133(ident)->ident(a134)
 268 : CBC_PUSH_IDENT_REFERENCE idx:134(ident)->ident(a135)
 270 : CBC_PUSH_IDENT_REFERENCE idx:135(ident)->ident(a136)
 272 : CBC_PUSH_IDENT_REFERENCE idx:136(ident)->ident(a137)
 274 : CBC_PUSH_IDENT_REFERENCE idx:137(ident)->ident(a138)
 276 : CBC_PUSH_IDENT_REFERENCE idx:138(ident)->ident(a139)
 278 : CBC_PUSH_IDENT_REFERENCE idx:139(ident)->ident(a140)
 280 : CBC_PUSH_IDENT_REFERENCE idx:140(ident)->ident(a141)
 282 : CBC_PUSH_IDENT_REFERENCE idx:141(ident)->ident(a142)
 284 : CBC_PUSH_IDENT_REFERENCE idx:142(ident)->ident(a143)
 286 : CBC_PUSH_IDENT_REFERENCE idx:143(ident)->ident(a144)
 288 : CBC_PUSH_IDENT_REFERENCE idx:144(ident)->ident(a145)
 290 : CBC_PUSH_IDENT_REFERENCE idx:145(ident)->ident(a146)
 292 : CBC_PUSH_IDENT_REFERENCE idx:146(ident)->ident(a147)
 294 : CBC_PUSH_IDENT_REFERENCE idx:147(ident)->ident(a148)
 296 : CBC_PUSH_IDENT_REFERENCE idx:148(ident)->ident(a149)
 298 : CBC_PUSH_IDENT_REFERENCE idx:149(ident)->ident(a150)
 300 : CBC_PUSH_IDENT_REFERENCE idx:150(ident)->ident(a151)
 302 : CBC_PUSH_IDENT_REFERENCE idx:151(ident)->ident(a152)
 304 : CBC_PUSH_IDENT_REFERENCE idx:152(ident)->ident(a153)
 306 : CBC_PUSH_IDENT_REFERENCE idx:153(ident)->ident(a154)
 308 : CBC_PUSH_IDENT_REFERENCE idx:154(ident)->ident(a155)
 310 : CBC_PUSH_IDENT_REFERENCE idx:155(ident)->ident(a156)
 312 : CBC_PUSH_IDENT_REFERENCE idx:156(ident)->ident(a157)
 314 : CBC_PUSH_IDENT_REFERENCE idx:157(ident)->ident(a158)
 316 : CBC_PUSH_IDENT_REFERENCE idx:158(ident)->ident(a159)
 318 : CBC_PUSH_IDENT_REFERENCE idx:159(ident)->ident(a160)
 320 : CBC_PUSH_IDENT_REFERENCE idx:160(ident)->ident(a161)
 322 : CBC_PUSH_IDENT_REFERENCE idx:161(ident)->ident(a162)
 324 : CBC_PUSH_IDENT_REFERENCE idx:162(ident)->ident(a163)
 326 : CBC_PUSH_IDENT_REFERENCE idx:163(ident)->ident(a164)
 328 : CBC_PUSH_IDENT_REFERENCE idx:164(ident)->ident(a165)
 330 : CBC_PUSH_IDENT_REFERENCE idx:165(ident)->ident(a166)
 332 : CBC_PUSH_IDENT_REFERENCE idx:166(ident)->ident(a167)
 334 : CBC_PUSH_IDENT_REFERENCE idx:167(ident)->ident(a168)
 336 : CBC_PUSH_IDENT_REFERENCE idx:168(ident)->ident(a169)
 338 : CBC_PUSH_IDENT_REFERENCE idx:169(ident)->ident(a170)
 340 : CBC_PUSH_IDENT_REFERENCE idx:170(ident)->ident(a171)
 342 : CBC_PUSH_IDENT_REFERENCE idx:171(ident)->ident(a172)
 344 : CBC_PUSH_IDENT_REFERENCE idx:172(ident)->ident(a173)
 346 : CBC_PUSH_IDENT_REFERENCE idx:173(ident)->ident(a174)
 348 : CBC_PUSH_IDENT_REFERENCE idx:174(ident)->ident(a175)
 350 : CBC_PUSH_IDENT_REFERENCE idx:175(ident)->ident(a176)
 352 : CBC_PUSH_IDENT_REFERENCE idx:176(ident)->ident(a177)
 354 : CBC_PUSH_IDENT_REFERENCE idx:177(ident)->ident(a178)
 356 : CBC_PUSH_IDENT_REFERENCE idx:178(ident)->ident(a179)
 358 : CBC_PUSH_IDENT_REFERENCE idx:179(ident)->ident(a180)
 360 : CBC_PUSH_IDENT_REFERENCE idx:180(ident)->ident(a181)
 362 : CBC_PUSH_IDENT_REFERENCE idx:181(ident)->ident(a182)
 364 : CBC_PUSH_IDENT_REFERENCE idx:182(ident)->ident(a183)
 366 : CBC_PUSH_IDENT_REFERENCE idx:183(ident)->ident(a184)
 368 : CBC_PUSH_IDENT_REFERENCE idx:184(ident)->ident(a185)
 370 : CBC_PUSH_IDENT_REFERENCE idx:185(ident)->ident(a186)
 372 : CBC_PUSH_IDENT_REFERENCE idx:186(ident)->ident(a187)
 374 : CBC_PUSH_IDENT_REFERENCE idx:187(ident)->ident(a188)
 376 : CBC_PUSH_IDENT_REFERENCE idx:188(ident)->ident(a189)
 378 : CBC_PUSH_IDENT_REFERENCE idx:189(ident)->ident(a190)
 380 : CBC_PUSH_IDENT_REFERENCE idx:190(ident)->ident(a191)
 382 : CBC_PUSH_IDENT_REFERENCE idx:191(ident)->ident(a192)
 384 : CBC_PUSH_IDENT_REFERENCE idx:192(ident)->ident(a193)
 386 : CBC_PUSH_IDENT_REFERENCE idx:193(ident)->ident(a194)
 388 : CBC_PUSH_IDENT_REFERENCE idx:194(ident)->ident(a195)
 390 : CBC_PUSH_IDENT_REFERENCE idx:195(ident)->ident(a196)
 392 : CBC_PUSH_IDENT_REFERENCE idx:196(ident)->ident(a197)
 394 : CBC_PUSH_IDENT_REFERENCE idx:197(ident)->ident(a198)
 396 : CBC_PUSH_IDENT_REFERENCE idx:198(ident)->ident(a199)
 398 : CBC_PUSH_IDENT_REFERENCE idx:199(ident)->ident(a200)
 400 : CBC_PUSH_IDENT_REFERENCE idx:200(ident)->ident(a201)
 402 : CBC_PUSH_IDENT_REFERENCE idx:201(ident)->ident(a202)
 404 : CBC_PUSH_IDENT_REFERENCE idx:202(ident)->ident(a203)
 406 : CBC_PUSH_IDENT_REFERENCE idx:203(ident)->ident(a204)
 408 : CBC_PUSH_IDENT_REFERENCE idx:204(ident)->ident(a205)
 410 : CBC_PUSH_IDENT_REFERENCE idx:205(ident)->ident(a206)
 412 : CBC_PUSH_IDENT_REFERENCE idx:206(ident)->ident(a207)
 414 : CBC_PUSH_IDENT_REFERENCE idx:207(ident)->ident(a208)
 416 : CBC_PUSH_IDENT_REFERENCE idx:208(ident)->ident(a209)
 418 : CBC_PUSH_IDENT_REFERENCE idx:209(ident)->ident(a210)
 420 : CBC_PUSH_IDENT_REFERENCE idx:210(ident)->ident(a211)
 422 : CBC_PUSH_IDENT_REFERENCE idx:211(ident)->ident(a212)
 424 : CBC_PUSH_IDENT_REFERENCE idx:212(ident)->ident(a213)
 426 : CBC_PUSH_IDENT_REFERENCE idx:213(ident)->ident(a214)
 428 : CBC_PUSH_IDENT_REFERENCE idx:214(ident)->ident(a215)
 430 : CBC_PUSH_IDENT_REFERENCE idx:215(ident)->ident(a216)
 432 : CBC_PUSH_IDENT_REFERENCE idx:216(ident)->ident(a217)
 434 : CBC_PUSH_IDENT_REFERENCE idx:217(ident)->ident(a218)
 436 : CBC_PUSH_IDENT_REFERENCE idx:218(ident)->ident(a219)
 438 : CBC_PUSH_IDENT_REFERENCE idx:219(ident)->ident(a220)
 440 : CBC_PUSH_IDENT_REFERENCE idx:220(ident)->ident(a221)
 442 : CBC_PUSH_IDENT_REFERENCE idx:221(ident)->ident(a222)
 444 : CBC_PUSH_IDENT_REFERENCE idx:222(ident)->ident(a223)
 446 : CBC_PUSH_IDENT_REFERENCE idx:223(ident)->ident(a224)
 448 : CBC_PUSH_IDENT_REFERENCE idx:224(ident)->ident(a225)
 450 : CBC_PUSH_IDENT_REFERENCE idx:225(ident)->ident(a226)
 452 : CBC_PUSH_IDENT_REFERENCE idx:226(ident)->ident(a227)
 454 : CBC_PUSH_IDENT_REFERENCE idx:227(ident)->ident(a228)
 456 : CBC_PUSH_IDENT_REFERENCE idx:228(ident)->ident(a229)
 458 : CBC_PUSH_IDENT_REFERENCE idx:229(ident)->ident(a230)
 460 : CBC_PUSH_IDENT_REFERENCE idx:230(ident)->ident(a231)
 462 : CBC_PUSH_IDENT_REFERENCE idx:231(ident)->ident(a232)
 464 : CBC_PUSH_IDENT_REFERENCE idx:232(ident)->ident(a233)
 466 : CBC_PUSH_IDENT_REFERENCE idx:233(ident)->ident(a234)
 468 : CBC_PUSH_IDENT_REFERENCE idx:234(ident)->ident(a235)
 470 : CBC_PUSH_IDENT_REFERENCE idx:235(ident)->ident(a236)
 472 : CBC_PUSH_IDENT_REFERENCE idx:236(ident)->ident(a237)
 474 : CBC_PUSH_IDENT_REFERENCE idx:237(ident)->ident(a238)
 476 : CBC_PUSH_IDENT_REFERENCE idx:238(ident)->ident(a239)
 478 : CBC_PUSH_IDENT_REFERENCE idx:239(ident)->ident(a240)
 480 : CBC_PUSH_IDENT_REFERENCE idx:240(ident)->ident(a241)
 482 : CBC_PUSH_IDENT_REFERENCE idx:241(ident)->ident(a242)
 484 : CBC_PUSH_IDENT_REFERENCE idx:242(ident)->ident(a243)
 486 : CBC_PUSH_IDENT_REFERENCE idx:243(ident)->ident(a244)
 488 : CBC_PUSH_IDENT_REFERENCE idx:244(ident)->ident(a245)
 490 : CBC_PUSH_IDENT_REFERENCE idx:245(ident)->ident(a246)
 492 : CBC_PUSH_IDENT_REFERENCE idx:246(ident)->ident(a247)
 494 : CBC_PUSH_IDENT_REFERENCE idx:247(ident)->ident(a248)
 496 : CBC_PUSH_IDENT_REFERENCE idx:248(ident)->ident(a249)
 498 : CBC_PUSH_IDENT_REFERENCE idx:249(ident)->ident(a250)
 500 : CBC_PUSH_IDENT_REFERENCE idx:250(ident)->ident(a251)
 502 : CBC_PUSH_IDENT_REFERENCE idx:251(ident)->ident(a252)
 504 : CBC_PUSH_IDENT_REFERENCE idx:252(ident)->ident(a253)
 506 : CBC_PUSH_IDENT_REFERENCE idx:253(ident)->ident(a254)
 508 : CBC_PUSH_IDENT_REFERENCE idx:254(ident)->ident(a255)
 510 : CBC_PUSH_IDENT_REFERENCE idx:255(ident)->ident(a256)
 513 : CBC_PUSH_IDENT_REFERENCE idx:256(ident)->ident(a257)
 516 : CBC_PUSH_IDENT_REFERENCE idx:257(ident)->ident(a258)
 519 : CBC_PUSH_IDENT_REFERENCE idx:258(ident)->ident(a259)
 522 : CBC_PUSH_IDENT_REFERENCE idx:259(ident)->ident(a260)
 525 : CBC_PUSH_IDENT_REFERENCE idx:260(ident)->ident(a261)
 528 : CBC_PUSH_IDENT_REFERENCE idx:261(ident)->ident(a262)
 531 : CBC_PUSH_IDENT_REFERENCE idx:262(ident)->ident(a263)
 534 : CBC_PUSH_IDENT_REFERENCE idx:263(ident)->ident(a264)
 537 : CBC_PUSH_IDENT_REFERENCE idx:264(ident)->ident(a265)
 540 : CBC_PUSH_IDENT_REFERENCE idx:265(ident)->ident(a266)
 543 : CBC_PUSH_IDENT_REFERENCE idx:266(ident)->ident(a267)
 546 : CBC_PUSH_IDENT_REFERENCE idx:267(ident)->ident(a268)
 549 : CBC_PUSH_IDENT_REFERENCE idx:268(ident)->ident(a269)
 552 : CBC_PUSH_IDENT_REFERENCE idx:269(ident)->ident(a270)
 555 : CBC_PUSH_IDENT_REFERENCE idx:270(ident)->ident(a271)
 558 : CBC_PUSH_IDENT_REFERENCE idx:271(ident)->ident(a272)
 561 : CBC_PUSH_IDENT_REFERENCE idx:272(ident)->ident(a273)
 564 : CBC_PUSH_IDENT_REFERENCE idx:273(ident)->ident(a274)
 567 : CBC_PUSH_IDENT_REFERENCE idx:274(ident)->ident(a275)
 570 : CBC_PUSH_IDENT_REFERENCE idx:275(ident)->ident(a276)
 573 : CBC_PUSH_IDENT_REFERENCE idx:276(ident)->ident(a277)
 576 : CBC_PUSH_IDENT_REFERENCE idx:277(ident)->ident(a278)
 579 : CBC_PUSH_IDENT_REFERENCE idx:278(ident)->ident(a279)
 582 : CBC_PUSH_IDENT_REFERENCE idx:279(ident)->ident(a280)
 585 : CBC_PUSH_IDENT_REFERENCE idx:280(ident)->ident(a281)
 588 : CBC_PUSH_IDENT_REFERENCE idx:281(ident)->ident(a282)
 591 : CBC_PUSH_IDENT_REFERENCE idx:282(ident)->ident(a283)
 594 : CBC_PUSH_IDENT_REFERENCE idx:283(ident)->ident(a284)
 597 : CBC_PUSH_IDENT_REFERENCE idx:284(ident)->ident(a285)
 600 : CBC_PUSH_IDENT_REFERENCE idx:285(ident)->ident(a286)
 603 : CBC_PUSH_IDENT_REFERENCE idx:286(ident)->ident(a287)
 606 : CBC_PUSH_IDENT_REFERENCE idx:287(ident)->ident(a288)
 609 : CBC_PUSH_IDENT_REFERENCE idx:288(ident)->ident(a289)
 612 : CBC_PUSH_IDENT_REFERENCE idx:289(ident)->ident(a290)
 615 : CBC_PUSH_IDENT_REFERENCE idx:290(ident)->ident(a291)
 618 : CBC_PUSH_IDENT_REFERENCE idx:291(ident)->ident(a292)
 621 : CBC_PUSH_IDENT_REFERENCE idx:292(ident)->ident(a293)
 624 : CBC_PUSH_IDENT_REFERENCE idx:293(ident)->ident(a294)
 627 : CBC_PUSH_IDENT_REFERENCE idx:294(ident)->ident(a295)
 630 : CBC_PUSH_IDENT_REFERENCE idx:295(ident)->ident(a296)
 633 : CBC_PUSH_IDENT_REFERENCE idx:296(ident)->ident(a297)
 636 : CBC_PUSH_IDENT_REFERENCE idx:297(ident)->ident(a298)
 639 : CBC_PUSH_IDENT_REFERENCE idx:298(ident)->ident(a299)
 642 : CBC_PUSH_IDENT_REFERENCE idx:299(ident)->ident(a300)
 645 : CBC_PUSH_NUMBER_1 number:7
 647 : CBC_EXT_ASSIGN_ADD_PUSH_RESULT
 649 : CBC_EXT_ASSIGN_ADD_PUSH_RESULT
 651 : CBC_EXT_ASSIGN_ADD_PUSH_RESULT
 653 : CBC_EXT_ASSIGN_ADD_PUSH_RESULT
 655 : CBC_EXT_ASSIGN_ADD_PUSH_RESULT
 657 : CBC_EXT_ASSIGN_ADD_PUSH_RESULT
 659 : CBC_EXT_ASSIGN_ADD_PUSH_RESULT
 661 : CBC_EXT_ASSIGN_ADD_PUSH_RESULT
 663 : CBC_EXT_ASSIGN_ADD_PUSH_RESULT
 665 : CBC_EXT_ASSIGN_ADD_PUSH_RESULT
 667 : CBC_EXT_ASSIGN_ADD_PUSH_RESULT
 669 : CBC_EXT_ASSIGN_ADD_PUSH_RESULT
 671 : CBC_EXT_ASSIGN_ADD_PUSH_RESULT
 673 : CBC_EXT_ASSIGN_ADD_PUSH_RESULT
 675 : CBC_EXT_ASSIGN_ADD_PUSH_RESULT
 677 : CBC_EXT_ASSIGN_ADD_PUSH_RESULT
 679 : CBC_EXT_ASSIGN_ADD_PUSH_RESULT
 681 : CBC_EXT_ASSIGN_ADD_PUSH_RESULT
 683 : CBC_EXT_ASSIGN_ADD_PUSH_RESULT
 685 : CBC_EXT_ASSIGN_ADD_PUSH_RESULT
 687 : CBC_EXT_ASSIGN_ADD_PUSH_RESULT
 689 : CBC_EXT_ASSIGN_ADD_PUSH_RESULT
 691 : CBC_EXT_ASSIGN_ADD_PUSH_RESULT
 693 : CBC_EXT_ASSIGN_ADD_PUSH_RESULT
 695 : CBC_EXT_ASSIGN_ADD_PUSH_RESULT
 697 : CBC_EXT_ASSIGN_ADD_PUSH_RESULT
 699 : CBC_EXT_ASSIGN_ADD_PUSH_RESULT
 701 : CBC_EXT_ASSIGN_ADD_PUSH_RESULT
 703 : CBC_EXT_ASSIGN_ADD_PUSH_RESULT
 705 : CBC_EXT_ASSIGN_ADD_PUSH_RESULT
 707 : CBC_EXT_ASSIGN_ADD_PUSH_RESULT
 709 : CBC_EXT_ASSIGN_ADD_PUSH_RESULT
 711 : CBC_EXT_ASSIGN_ADD_PUSH_RESULT
 713 : CBC_EXT_ASSIGN_ADD_PUSH_RESULT
 715 : CBC_EXT_ASSIGN_ADD_PUSH_RESULT
 717 : CBC_EXT_ASSIGN_ADD_PUSH_RESULT
 719 : CBC_EXT_ASSIGN_ADD_PUSH_RESULT
 721 : CBC_EXT_ASSIGN_ADD_PUSH_RESULT
 723 : CBC_EXT_ASSIGN_ADD_PUSH_RESULT
 725 : CBC_EXT_ASSIGN_ADD_PUSH_RESULT
 727 : CBC_EXT_ASSIGN_ADD_PUSH_RESULT
 729 : CBC_EXT_ASSIGN_ADD_PUSH_RESULT
 731 : CBC_EXT_ASSIGN_ADD_PUSH_RESULT
 733 : CBC_EXT_ASSIGN_ADD_PUSH_RESULT
 735 : CBC_EXT_ASSIGN_ADD_PUSH_RESULT
 737 : CBC_EXT_ASSIGN_ADD_PUSH_RESULT
 739 : CBC_EXT_ASSIGN_ADD_PUSH_RESULT
 741 : CBC_EXT_ASSIGN_ADD_PUSH_RESULT
 743 : CBC_EXT_ASSIGN_ADD_PUSH_RESULT
 745 : CBC_EXT_ASSIGN_ADD_PUSH_RESULT
 747 : CBC_EXT_ASSIGN_ADD_PUSH_RESULT
 749 : CBC_EXT_ASSIGN_ADD_PUSH_RESULT
 751 : CBC_EXT_ASSIGN_ADD_PUSH_RESULT
 753 : CBC_EXT_ASSIGN_ADD_PUSH_RESULT
 755 : CBC_EXT_ASSIGN_ADD_PUSH_RESULT
 757 : CBC_EXT_ASSIGN_ADD_PUSH_RESULT
 759 : CBC_EXT_ASSIGN_ADD_PUSH_RESULT
 761 : CBC_EXT_ASSIGN_ADD_PUSH_RESULT
 763 : CBC_EXT_ASSIGN_ADD_PUSH_RESULT
 765 : CBC_EXT_ASSIGN_ADD_PUSH_RESULT
 767 : CBC_EXT_ASSIGN_ADD_PUSH_RESULT
 769 : CBC_EXT_ASSIGN_ADD_PUSH_RESULT
 771 : CBC_EXT_ASSIGN_ADD_PUSH_RESULT
 773 : CBC_EXT_ASSIGN_ADD_PUSH_RESULT
 775 : CBC_EXT_ASSIGN_ADD_PUSH_RESULT
 777 : CBC_EXT_ASSIGN_ADD_PUSH_RESULT
 779 : CBC_EXT_ASSIGN_ADD_PUSH_RESULT
 781 : CBC_EXT_ASSIGN_ADD_PUSH_RESULT
 783 : CBC_EXT_ASSIGN_ADD_PUSH_RESULT
 785 : CBC_EXT_ASSIGN_ADD_PUSH_RESULT
 787 : CBC_EXT_ASSIGN_ADD_PUSH_RESULT
 789 : CBC_EXT_ASSIGN_ADD_PUSH_RESULT
 791 : CBC_EXT_ASSIGN_ADD_PUSH_RESULT
 793 : CBC_EXT_ASSIGN_ADD_PUSH_RESULT
 795 : CBC_EXT_ASSIGN_ADD_PUSH_RESULT
 797 : CBC_EXT_ASSIGN_ADD_PUSH_RESULT
 799 : CBC_EXT_ASSIGN_ADD_PUSH_RESULT
 801 : CBC_EXT_ASSIGN_ADD_PUSH_RESULT
 803 : CBC_EXT_ASSIGN_ADD_PUSH_RESULT
 805 : CBC_EXT_ASSIGN_ADD_PUSH_RESULT
 807 : CBC_EXT_ASSIGN_ADD_PUSH_RESULT
 809 : CBC_EXT_ASSIGN_ADD_PUSH_RESULT
 811 : CBC_EXT_ASSIGN_ADD_PUSH_RESULT
 813 : CBC_EXT_ASSIGN_ADD_PUSH_RESULT
 815 : CBC_EXT_ASSIGN_ADD_PUSH_RESULT
 817 : CBC_EXT_ASSIGN_ADD_PUSH_RESULT
 819 : CBC_EXT_ASSIGN_ADD_PUSH_RESULT
 821 : CBC_EXT_ASSIGN_ADD_PUSH_RESULT
 823 : CBC_EXT_ASSIGN_ADD_PUSH_RESULT
 825 : CBC_EXT_ASSIGN_ADD_PUSH_RESULT
 827 : CBC_EXT_ASSIGN_ADD_PUSH_RESULT
 829 : CBC_EXT_ASSIGN_ADD_PUSH_RESULT
 831 : CBC_EXT_ASSIGN_ADD_PUSH_RESULT
 833 : CBC_EXT_ASSIGN_ADD_PUSH_RESULT
 835 : CBC_EXT_ASSIGN_ADD_PUSH_RESULT
 837 : CBC_EXT_ASSIGN_ADD_PUSH_RESULT
 839 : CBC_EXT_ASSIGN_ADD_PUSH_RESULT
 841 : CBC_EXT_ASSIGN_ADD_PUSH_RESULT
 843 : CBC_EXT_ASSIGN_ADD_PUSH_RESULT
 845 : CBC_EXT_ASSIGN_ADD_PUSH_RESULT
 847 : CBC_EXT_ASSIGN_ADD_PUSH_RESULT
 849 : CBC_EXT_ASSIGN_ADD_PUSH_RESULT
 851 : CBC_EXT_ASSIGN_ADD_PUSH_RESULT
 853 : CBC_EXT_ASSIGN_ADD_PUSH_RESULT
 855 : CBC_EXT_ASSIGN_ADD_PUSH_RESULT
 857 : CBC_EXT_ASSIGN_ADD_PUSH_RESULT
 859 : CBC_EXT_ASSIGN_ADD_PUSH_RESULT
 861 : CBC_EXT_ASSIGN_ADD_PUSH_RESULT
 863 : CBC_EXT_ASSIGN_ADD_PUSH_RESULT
 865 : CBC_EXT_ASSIGN_ADD_PUSH_RESULT
 867 : CBC_EXT_ASSIGN_ADD_PUSH_RESULT
 869 : CBC_EXT_ASSIGN_ADD_PUSH_RESULT
 871 : CBC_EXT_ASSIGN_ADD_PUSH_RESULT
 873 : CBC_EXT_ASSIGN_ADD_PUSH_RESULT
 875 : CBC_EXT_ASSIGN_ADD_PUSH_RESULT
 877 : CBC_EXT_ASSIGN_ADD_PUSH_RESULT
 879 : CBC_EXT_ASSIGN_ADD_PUSH_RESULT
 881 : CBC_EXT_ASSIGN_ADD_PUSH_RESULT
 883 : CBC_EXT_ASSIGN_ADD_PUSH_RESULT
 885 : CBC_EXT_ASSIGN_ADD_PUSH_RESULT
 887 : CBC_EXT_ASSIGN_ADD_PUSH_RESULT
 889 : CBC_EXT_ASSIGN_ADD_PUSH_RESULT
 891 : CBC_EXT_ASSIGN_ADD_PUSH_RESULT
 893 : CBC_EXT_ASSIGN_ADD_PUSH_RESULT
 895 : CBC_EXT_ASSIGN_ADD_PUSH_RESULT
 897 : CBC_EXT_ASSIGN_ADD_PUSH_RESULT
 899 : CBC_EXT_ASSIGN_ADD_PUSH_RESULT
 901 : CBC_EXT_ASSIGN_ADD_PUSH_RESULT
 903 : CBC_EXT_ASSIGN_ADD_PUSH_RESULT
 905 : CBC_EXT_ASSIGN_ADD_PUSH_RESULT
 907 : CBC_EXT_ASSIGN_ADD_PUSH_RESULT
 909 : CBC_EXT_ASSIGN_ADD_PUSH_RESULT
 911 : CBC_EXT_ASSIGN_ADD_PUSH_RESULT
 913 : CBC_EXT_ASSIGN_ADD_PUSH_RESULT
 915 : CBC_EXT_ASSIGN_ADD_PUSH_RESULT
 917 : CBC_EXT_ASSIGN_ADD_PUSH_RESULT
 919 : CBC_EXT_ASSIGN_ADD_PUSH_RESULT
 921 : CBC_EXT_ASSIGN_ADD_PUSH_RESULT
 923 : CBC_EXT_ASSIGN_ADD_PUSH_RESULT
 925 : CBC_EXT_ASSIGN_ADD_PUSH_RESULT
 927 : CBC_EXT_ASSIGN_ADD_PUSH_RESULT
 929 : CBC_EXT_ASSIGN_ADD_PUSH_RESULT
 931 : CBC_EXT_ASSIGN_ADD_PUSH_RESULT
 933 : CBC_EXT_ASSIGN_ADD_PUSH_RESULT
 935 : CBC_EXT_ASSIGN_ADD_PUSH_RESULT
 937 : CBC_EXT_ASSIGN_ADD_PUSH_RESULT
 939 : CBC_EXT_ASSIGN_ADD_PUSH_RESULT
 941 : CBC_EXT_ASSIGN_ADD_PUSH_RESULT
 943 : CBC_EXT_ASSIGN_ADD_PUSH_RESULT
 945 : CBC_EXT_ASSIGN_ADD_PUSH_RESULT
 947 : CBC_EXT_ASSIGN_ADD_PUSH_RESULT
 949 : CBC_EXT_ASSIGN_ADD_PUSH_RESULT
 951 : CBC_EXT_ASSIGN_ADD_PUSH_RESULT
 953 : CBC_EXT_ASSIGN_ADD_PUSH_RESULT
 955 : CBC_EXT_ASSIGN_ADD_PUSH_RESULT
 957 : CBC_EXT_ASSIGN_ADD_PUSH_RESULT
 959 : CBC_EXT_ASSIGN_ADD_PUSH_RESULT
 961 : CBC_EXT_ASSIGN_ADD_PUSH_RESULT
 963 : CBC_EXT_ASSIGN_ADD_PUSH_RESULT
 965 : CBC_EXT_ASSIGN_ADD_PUSH_RESULT
 967 : CBC_EXT_ASSIGN_ADD_PUSH_RESULT
 969 : CBC_EXT_ASSIGN_ADD_PUSH_RESULT
 971 : CBC_EXT_ASSIGN_ADD_PUSH_RESULT
 973 : CBC_EXT_ASSIGN_ADD_PUSH_RESULT
 975 : CBC_EXT_ASSIGN_ADD_PUSH_RESULT
 977 : CBC_EXT_ASSIGN_ADD_PUSH_RESULT
 979 : CBC_EXT_ASSIGN_ADD_PUSH_RESULT
 981 : CBC_EXT_ASSIGN_ADD_PUSH_RESULT
 983 : CBC_EXT_ASSIGN_ADD_PUSH_RESULT
 985 : CBC_EXT_ASSIGN_ADD_PUSH_RESULT
 987 : CBC_EXT_ASSIGN_ADD_PUSH_RESULT
 989 : CBC_EXT_ASSIGN_ADD_PUSH_RESULT
 991 : CBC_EXT_ASSIGN_ADD_PUSH_RESULT
 993 : CBC_EXT_ASSIGN_ADD_PUSH_RESULT
 995 : CBC_EXT_ASSIGN_ADD_PUSH_RESULT
 997 : CBC_EXT_ASSIGN_ADD_PUSH_RESULT
 999 : CBC_EXT_ASSIGN_ADD_PUSH_RESULT
 1001 : CBC_EXT_ASSIGN_ADD_PUSH_RESULT
 1003 : CBC_EXT_ASSIGN_ADD_PUSH_RESULT
 1005 : CBC_EXT_ASSIGN_ADD_PUSH_RESULT
 1007 : CBC_EXT_ASSIGN_ADD_PUSH_RESULT
 1009 : CBC_EXT_ASSIGN_ADD_PUSH_RESULT
 1011 : CBC_EXT_ASSIGN_ADD_PUSH_RESULT
 1013 : CBC_EXT_ASSIGN_ADD_PUSH_RESULT
 1015 : CBC_EXT_ASSIGN_ADD_PUSH_RESULT
 1017 : CBC_EXT_ASSIGN_ADD_PUSH_RESULT
 1019 : CBC_EXT_ASSIGN_ADD_PUSH_RESULT
 1021 : CBC_EXT_ASSIGN_ADD_PUSH_RESULT
 1023 : CBC_EXT_ASSIGN_ADD_PUSH_RESULT
 1025 : CBC_EXT_ASSIGN_ADD_PUSH_RESULT
 1027 : CBC_EXT_ASSIGN_ADD_PUSH_RESULT
 1029 : CBC_EXT_ASSIGN_ADD_PUSH_RESULT
 1031 : CBC_EXT_ASSIGN_ADD_PUSH_RESULT
 1033 : CBC_EXT_ASSIGN_ADD_PUSH_RESULT
 1035 : CBC_EXT_ASSIGN_ADD_PUSH_RESULT
 1037 : CBC_EXT_ASSIGN_ADD_PUSH_RESULT
 1039 : CBC_EXT_ASSIGN_ADD_PUSH_RESULT
 1041 : CBC_EXT_ASSIGN_ADD_PUSH_RESULT
 1043 : CBC_EXT_ASSIGN_ADD_PUSH_RESULT
 1045 : CBC_EXT_ASSIGN_ADD_PUSH_RESULT
 1047 : CBC_EXT_ASSIGN_ADD_PUSH_RESULT
 1049 : CBC_EXT_ASSIGN_ADD_PUSH_RESULT
 1051 : CBC_EXT_ASSIGN_ADD_PUSH_RESULT
 1053 : CBC_EXT_ASSIGN_ADD_PUSH_RESULT
 1055 : CBC_EXT_ASSIGN_ADD_PUSH_RESULT
 1057 : CBC_EXT_ASSIGN_ADD_PUSH_RESULT
 1059 : CBC_EXT_ASSIGN_ADD_PUSH_RESULT
 1061 : CBC_EXT_ASSIGN_ADD_PUSH_RESULT
 1063 : CBC_EXT_ASSIGN_ADD_PUSH_RESULT
 1065 : CBC_EXT_ASSIGN_ADD_PUSH_RESULT
 1067 : CBC_EXT_ASSIGN_ADD_PUSH_RESULT
 1069 : CBC_EXT_ASSIGN_ADD_PUSH_RESULT
 1071 : CBC_EXT_ASSIGN_ADD_PUSH_RESULT
 1073 : CBC_EXT_ASSIGN_ADD_PUSH_RESULT
 1075 : CBC_EXT_ASSIGN_ADD_PUSH_RESULT
 1077 : CBC_EXT_ASSIGN_ADD_PUSH_RESULT
 1079 : CBC_EXT_ASSIGN_ADD_PUSH_RESULT
 1081 : CBC_EXT_ASSIGN_ADD_PUSH_RESULT
 1083 : CBC_EXT_ASSIGN_ADD_PUSH_RESULT
 1085 : CBC_EXT_ASSIGN_ADD_PUSH_RESULT
 1087 : CBC_EXT_ASSIGN_ADD_PUSH_RESULT
 1089 : CBC_EXT_ASSIGN_ADD_PUSH_RESULT
 1091 : CBC_EXT_ASSIGN_ADD_PUSH_RESULT
 1093 : CBC_EXT_ASSIGN_ADD_PUSH_RESULT
 1095 : CBC_EXT_ASSIGN_ADD_PUSH_RESULT
 1097 : CBC_EXT_ASSIGN_ADD_PUSH_RESULT
 1099 : CBC_EXT_ASSIGN_ADD_PUSH_RESULT
 1101 : CBC_EXT_ASSIGN_ADD_PUSH_RESULT
 1103 : CBC_EXT_ASSIGN_ADD_PUSH_RESULT
 1105 : CBC_EXT_ASSIGN_ADD_PUSH_RESULT
 1107 : CBC_EXT_ASSIGN_ADD_PUSH_RESULT
 1109 : CBC_EXT_ASSIGN_ADD_PUSH_RESULT
 1111 : CBC_EXT_ASSIGN_ADD_PUSH_RESULT
 1113 : CBC_EXT_ASSIGN_ADD_PUSH_RESULT
 1115 : CBC_EXT_ASSIGN_ADD_PUSH_RESULT
 1117 : CBC_EXT_ASSIGN_ADD_PUSH_RESULT
 1119 : CBC_EXT_ASSIGN_ADD_PUSH_RESULT
 1121 : CBC_EXT_ASSIGN_ADD_PUSH_RESULT
 1123 : CBC_EXT_ASSIGN_ADD_PUSH_RESULT
 1125 : CBC_EXT_ASSIGN_ADD_PUSH_RESULT
 1127 : CBC_EXT_ASSIGN_ADD_PUSH_RESULT
 1129 : CBC_EXT_ASSIGN_ADD_PUSH_RESULT
 1131 : CBC_EXT_ASSIGN_ADD_PUSH_RESULT
 1133 : CBC_EXT_ASSIGN_ADD_PUSH_RESULT
 1135 : CBC_EXT_ASSIGN_ADD_PUSH_RESULT
 1137 : CBC_EXT_ASSIGN_ADD_PUSH_RESULT
 1139 : CBC_EXT_ASSIGN_ADD_PUSH_RESULT
 1141 : CBC_EXT_ASSIGN_ADD_PUSH_RESULT
 1143 : CBC_EXT_ASSIGN_ADD_PUSH_RESULT
 1145 : CBC_EXT_ASSIGN_ADD_PUSH_RESULT
 1147 : CBC_EXT_ASSIGN_ADD_PUSH_RESULT
 1149 : CBC_EXT_ASSIGN_ADD_PUSH_RESULT
 1151 : CBC_EXT_ASSIGN_ADD_PUSH_RESULT
 1153 : CBC_EXT_ASSIGN_ADD_PUSH_RESULT
 1155 : CBC_EXT_ASSIGN_ADD_PUSH_RESULT
 1157 : CBC_EXT_ASSIGN_ADD_PUSH_RESULT
 1159 : CBC_EXT_ASSIGN_ADD_PUSH_RESULT
 1161 : CBC_EXT_ASSIGN_ADD_PUSH_RESULT
 1163 : CBC_EXT_ASSIGN_ADD_PUSH_RESULT
 1165 : CBC_EXT_ASSIGN_ADD_PUSH_RESULT
 1167 : CBC_EXT_ASSIGN_ADD_PUSH_RESULT
 1169 : CBC_EXT_ASSIGN_ADD_PUSH_RESULT
 1171 : CBC_EXT_ASSIGN_ADD_PUSH_RESULT
 1173 : CBC_EXT_ASSIGN_ADD_PUSH_RESULT
 1175 : CBC_EXT_ASSIGN_ADD_PUSH_RESULT
 1177 : CBC_EXT_ASSIGN_ADD_PUSH_RESULT
 1179 : CBC_EXT_ASSIGN_ADD_PUSH_RESULT
 1181 : CBC_EXT_ASSIGN_ADD_PUSH_RESULT
 1183 : CBC_EXT_ASSIGN_ADD_PUSH_RESULT
 1185 : CBC_EXT_ASSIGN_ADD_PUSH_RESULT
 1187 : CBC_EXT_ASSIGN_ADD_PUSH_RESULT
 1189 : CBC_EXT_ASSIGN_ADD_PUSH_RESULT
 1191 : CBC_EXT_ASSIGN_ADD_PUSH_RESULT
 1193 : CBC_EXT_ASSIGN_ADD_PUSH_RESULT
 1195 : CBC_EXT_ASSIGN_ADD_PUSH_RESULT
 1197 : CBC_EXT_ASSIGN_ADD_PUSH_RESULT
 1199 : CBC_EXT_ASSIGN_ADD_PUSH_RESULT
 1201 : CBC_EXT_ASSIGN_ADD_PUSH_RESULT
 1203 : CBC_EXT_ASSIGN_ADD_PUSH_RESULT
 1205 : CBC_EXT_ASSIGN_ADD_PUSH_RESULT
 1207 : CBC_EXT_ASSIGN_ADD_PUSH_RESULT
 1209 : CBC_EXT_ASSIGN_ADD_PUSH_RESULT
 1211 : CBC_EXT_ASSIGN_ADD_PUSH_RESULT
 1213 : CBC_EXT_ASSIGN_ADD_PUSH_RESULT
 1215 : CBC_EXT_ASSIGN_ADD_PUSH_RESULT
 1217 : CBC_EXT_ASSIGN_ADD_PUSH_RESULT
 1219 : CBC_EXT_ASSIGN_ADD_PUSH_RESULT
 1221 : CBC_EXT_ASSIGN_ADD_PUSH_RESULT
 1223 : CBC_EXT_ASSIGN_ADD_PUSH_RESULT
 1225 : CBC_EXT_ASSIGN_ADD_PUSH_RESULT
 1227 : CBC_EXT_ASSIGN_ADD_PUSH_RESULT
 1229 : CBC_EXT_ASSIGN_ADD_PUSH_RESULT
 1231 : CBC_EXT_ASSIGN_ADD_PUSH_RESULT
 1233 : CBC_EXT_ASSIGN_ADD_PUSH_RESULT
 1235 : CBC_EXT_ASSIGN_ADD_PUSH_RESULT
 1237 : CBC_EXT_ASSIGN_ADD_PUSH_RESULT
 1239 : CBC_EXT_ASSIGN_ADD_PUSH_RESULT
 1241 : CBC_EXT_ASSIGN_ADD_PUSH_RESULT
 1243 : CBC_EXT_ASSIGN_ADD_PUSH_RESULT
 1245 : CBC_EXT_ASSIGN_ADD_BLOCK
 1247 : CBC_RETURN_WITH_BLOCK

Byte code size: 1248 bytes

Script parsing successfully completed. Total byte code size: 1248 bytes

--- Script parsing end ---

