
--- Script parsing start ---

  [  1] CBC_PUSH_LITERAL idx:0->ident(next_statement)
  [  0] CBC_POP_BLOCK
  [  1] CBC_CREATE_OBJECT
  [  0] CBC_POP
  [  1] CBC_CREATE_OBJECT
  [  0] CBC_POP
  [  1] CBC_CREATE_OBJECT
  [  0] CBC_BRANCH_IF_FALSE_FORWARD
  [  0] CBC_POST_INCR_IDENT_BLOCK idx:1->ident(x)
  [  1] CBC_PUSH_LITERAL idx:0->ident(next_statement)
  [  0] CBC_POP_BLOCK
  [  1] CBC_CREATE_OBJECT
  [  2] CBC_PUSH_LITERAL idx:4->string(exp)
  [  1] CBC_SET_PROPERTY idx:3->string(member)
  [  2] CBC_ADD_TWO_LITERALS idx:6->ident(a) idx:7->ident(b)
  [  1] CBC_SET_PROPERTY idx:5->string(set)
  [  2] CBC_PUSH_LITERAL idx:9->ident(c)
  [  1] CBC_SET_PROPERTY idx:8->string(get)
  [  0] CBC_ASSIGN_SET_IDENT idx:2->var_ident(get)
  [  1] CBC_PUSH_LITERAL idx:0->ident(next_statement)
  [  0] CBC_POP_BLOCK
  [  1] CBC_CREATE_OBJECT
  [  2] CBC_PUSH_LITERAL idx:6->ident(a)
  [  1] CBC_BRANCH_IF_FALSE_FORWARD
  [  2] CBC_PUSH_LITERAL idx:7->ident(b)
  [  2] CBC_JUMP_FORWARD
  [  2] CBC_PUSH_LITERAL idx:9->ident(c)
  [  1] CBC_SET_PROPERTY idx:8->string(get)
  [  2] CBC_PUSH_LITERAL idx:11->ident(value)
  [  1] CBC_SET_PROPERTY idx:5->string(set)
  [  0] CBC_ASSIGN_SET_IDENT idx:10->var_ident(set)
  [  1] CBC_PUSH_LITERAL idx:0->ident(next_statement)
  [  0] CBC_POP_BLOCK
  [  1] CBC_CREATE_OBJECT

--- Function parsing start ---


Final byte code dump:

  Maximum stack depth: 0
  Flags: [small_lit_enc,no_lexical_env]
  Argument range end: 0
  Register range end: 0
  Identifier range end: 0
  Const literal range end: 0
  Literal range end: 0

   0 : CBC_RETURN_WITH_BLOCK

Byte code size: 1 bytes

--- Function parsing end ---

  [  2] CBC_PUSH_LITERAL idx:13->function
  [  1] CBC_SET_PROPERTY idx:12->string(function)

--- Function parsing start ---


Final byte code dump:

  Maximum stack depth: 0
  Flags: [small_lit_enc,no_lexical_env]
  Argument range end: 0
  Register range end: 0
  Identifier range end: 0
  Const literal range end: 0
  Literal range end: 0

   0 : CBC_RETURN_WITH_BLOCK

Byte code size: 1 bytes

--- Function parsing end ---

  [  1] CBC_EXT_SET_GETTER idx:8->string(get) idx:14->function

--- Function parsing start ---


Final byte code dump:

  Maximum stack depth: 1
  Flags: [small_lit_enc,no_lexical_env]
  Argument range end: 1
  Register range end: 1
  Identifier range end: 1
  Const literal range end: 1
  Literal range end: 1

   0 : CBC_RETURN_WITH_BLOCK

Byte code size: 1 bytes

--- Function parsing end ---

  [  1] CBC_EXT_SET_SETTER idx:5->string(set) idx:15->function

--- Function parsing start ---


Final byte code dump:

  Maximum stack depth: 0
  Flags: [small_lit_enc,no_lexical_env]
  Argument range end: 0
  Register range end: 0
  Identifier range end: 0
  Const literal range end: 0
  Literal range end: 0

   0 : CBC_RETURN_WITH_BLOCK

Byte code size: 1 bytes

--- Function parsing end ---

  [  1] CBC_EXT_SET_GETTER idx:16->string(get2) idx:17->function
  [  0] CBC_POP_BLOCK
  [  1] CBC_PUSH_LITERAL idx:0->ident(next_statement)
  [  0] CBC_POP_BLOCK
  [  1] CBC_CREATE_OBJECT
  [  2] CBC_PUSH_LITERAL idx:19->number(0x09Af)
  [  1] CBC_SET_PROPERTY idx:18->number(.3)
  [  2] CBC_PUSH_LITERAL idx:21->number(14.)
  [  1] CBC_SET_PROPERTY idx:20->number(12e-1)
  [  2] CBC_CREATE_OBJECT
  [  3] CBC_ADD_TWO_LITERALS idx:24->number(0.077) idx:25->number(9074)
  [  2] CBC_SET_PROPERTY idx:23->number(0e+3)
  [  1] CBC_SET_PROPERTY idx:22->number(0XFaBe0189)
  [  0] CBC_POP_BLOCK
  [  1] CBC_PUSH_LITERAL idx:0->ident(next_statement)
  [  0] CBC_POP_BLOCK
  [  1] CBC_CREATE_OBJECT
  [  3] CBC_PUSH_TWO_LITERALS idx:27->ident(f) idx:1->ident(x)
  [  2] CBC_CALL1_PUSH_RESULT
  [  1] CBC_SET_PROPERTY idx:26->string(a)
  [  3] CBC_PUSH_TWO_LITERALS idx:27->ident(f) idx:28->ident(y)
  [  2] CBC_CALL1_PUSH_RESULT
  [  3] CBC_PUSH_NUMBER_1 number:5
  [  2] CBC_ADD
  [  1] CBC_SET_PROPERTY idx:26->string(a)
  [  0] CBC_POP_BLOCK
  [  1] CBC_PUSH_LITERAL idx:0->ident(next_statement)
  [  0] CBC_POP_BLOCK
  [  1] CBC_PUSH_LITERAL idx:6->ident(a)
  [  2] CBC_EXT_WITH_CREATE_CONTEXT
  [  3] CBC_CREATE_OBJECT
  [  6] CBC_PUSH_IDENT_REFERENCE idx:30->ident(msg)
  [  4] CBC_CALL0_PROP_PUSH_RESULT
  [  3] CBC_SET_PROPERTY idx:29->string(err)
  [  6] CBC_PUSH_IDENT_REFERENCE idx:31->ident(msg2)
  [  7] CBC_PUSH_LITERAL idx:32->string(another)
  [  4] CBC_CALL1_PROP_PUSH_RESULT
  [  3] CBC_SET_PROPERTY idx:29->string(err)
  [  2] CBC_THROW
  [  0] CBC_CONTEXT_END

Final byte code dump:

  Maximum stack depth: 7
  Flags: [small_lit_enc]
  Argument range end: 0
  Register range end: 0
  Identifier range end: 12
  Const literal range end: 29
  Literal range end: 33

   0 : CBC_DEFINE_VARS from: 0 to: 1
         idx:0(ident)->var_ident(get)
         idx:1(ident)->var_ident(set)
   2 : CBC_PUSH_LITERAL idx:2(ident)->ident(next_statement)
   4 : CBC_POP_BLOCK
   5 : CBC_CREATE_OBJECT
   6 : CBC_POP
   7 : CBC_CREATE_OBJECT
   8 : CBC_POP
   9 : CBC_CREATE_OBJECT
  10 : CBC_BRANCH_IF_FALSE_FORWARD offset:4(->14)
  12 : CBC_POST_INCR_IDENT_BLOCK idx:3(ident)->ident(x)
  14 : CBC_PUSH_LITERAL idx:2(ident)->ident(next_statement)
  16 : CBC_POP_BLOCK
  17 : CBC_CREATE_OBJECT
  18 : CBC_PUSH_LITERAL idx:13(lit)->string(exp)
  20 : CBC_SET_PROPERTY idx:12(lit)->string(member)
  22 : CBC_ADD_TWO_LITERALS idx:4(ident)->ident(a) idx:5(ident)->ident(b)
  25 : CBC_SET_PROPERTY idx:14(lit)->string(set)
  27 : CBC_PUSH_LITERAL idx:6(ident)->ident(c)
  29 : CBC_SET_PROPERTY idx:15(lit)->string(get)
  31 : CBC_ASSIGN_SET_IDENT idx:0(ident)->var_ident(get)
  33 : CBC_PUSH_LITERAL idx:2(ident)->ident(next_statement)
  35 : CBC_POP_BLOCK
  36 : CBC_CREATE_OBJECT
  37 : CBC_PUSH_LITERAL idx:4(ident)->ident(a)
  39 : CBC_BRANCH_IF_FALSE_FORWARD offset:6(->45)
  41 : CBC_PUSH_LITERAL idx:5(ident)->ident(b)
  43 : CBC_JUMP_FORWARD offset:4(->47)
  45 : CBC_PUSH_LITERAL idx:6(ident)->ident(c)
  47 : CBC_SET_PROPERTY idx:15(lit)->string(get)
  49 : CBC_PUSH_LITERAL idx:7(ident)->ident(value)
  51 : CBC_SET_PROPERTY idx:14(lit)->string(set)
  53 : CBC_ASSIGN_SET_IDENT idx:1(ident)->var_ident(set)
  55 : CBC_PUSH_LITERAL idx:2(ident)->ident(next_statement)
  57 : CBC_POP_BLOCK
  58 : CBC_CREATE_OBJECT
  59 : CBC_PUSH_LITERAL idx:29(lit)->function
  61 : CBC_SET_PROPERTY idx:16(lit)->string(function)
  63 : CBC_EXT_SET_GETTER idx:15(lit)->string(get) idx:30(lit)->function
  67 : CBC_EXT_SET_SETTER idx:14(lit)->string(set) idx:31(lit)->function
  71 : CBC_EXT_SET_GETTER idx:17(lit)->string(get2) idx:32(lit)->function
  75 : CBC_POP_BLOCK
  76 : CBC_PUSH_LITERAL idx:2(ident)->ident(next_statement)
  78 : CBC_POP_BLOCK
  79 : CBC_CREATE_OBJECT
  80 : CBC_PUSH_LITERAL idx:19(lit)->number(0x09Af)
  82 : CBC_SET_PROPERTY idx:18(lit)->number(.3)
  84 : CBC_PUSH_LITERAL idx:21(lit)->number(14.)
  86 : CBC_SET_PROPERTY idx:20(lit)->number(12e-1)
  88 : CBC_CREATE_OBJECT
  89 : CBC_ADD_TWO_LITERALS idx:24(lit)->number(0.077) idx:25(lit)->number(9074)
  92 : CBC_SET_PROPERTY idx:23(lit)->number(0e+3)
  94 : CBC_SET_PROPERTY idx:22(lit)->number(0XFaBe0189)
  96 : CBC_POP_BLOCK
  97 : CBC_PUSH_LITERAL idx:2(ident)->ident(next_statement)
  99 : CBC_POP_BLOCK
 100 : CBC_CREATE_OBJECT
 101 : CBC_PUSH_TWO_LITERALS idx:8(ident)->ident(f) idx:3(ident)->ident(x)
 104 : CBC_CALL1_PUSH_RESULT
 105 : CBC_SET_PROPERTY idx:26(lit)->string(a)
 107 : CBC_PUSH_TWO_LITERALS idx:8(ident)->ident(f) idx:9(ident)->ident(y)
 110 : CBC_CALL1_PUSH_RESULT
 111 : CBC_PUSH_NUMBER_1 number:5
 113 : CBC_ADD
 114 : CBC_SET_PROPERTY idx:26(lit)->string(a)
 116 : CBC_POP_BLOCK
 117 : CBC_PUSH_LITERAL idx:2(ident)->ident(next_statement)
 119 : CBC_POP_BLOCK
 120 : CBC_PUSH_LITERAL idx:4(ident)->ident(a)
 122 : CBC_EXT_WITH_CREATE_CONTEXT offset:18(->140)
 125 : CBC_CREATE_OBJECT
 126 : CBC_PUSH_IDENT_REFERENCE idx:10(ident)->ident(msg)
 128 : CBC_CALL0_PROP_PUSH_RESULT
 129 : CBC_SET_PROPERTY idx:27(lit)->string(err)
 131 : CBC_PUSH_IDENT_REFERENCE idx:11(ident)->ident(msg2)
 133 : CBC_PUSH_LITERAL idx:28(lit)->string(another)
 135 : CBC_CALL1_PROP_PUSH_RESULT
 136 : CBC_SET_PROPERTY idx:27(lit)->string(err)
 138 : CBC_THROW
 139 : CBC_CONTEXT_END
 140 : CBC_RETURN_WITH_BLOCK

Byte code size: 141 bytes

Script parsing successfully completed. Total byte code size: 145 bytes

--- Script parsing end ---

